F0 flat strip (40000 events): AS EXPECTED  d_H=1.897, d_s=1.884, d_w=2.065, beta=0.460, radii 19..37, structure notes: none  (196 s)
E2 slice length (1,000 seeds): AS EXPECTED  slope=2.052, intercept=0.24; mean L at t=50,100,199: 102.6, 203.2, 413.9 (1+2t: 101, 201, 399)  (3 s)
  seed 0: 31317 events, structure exact, d_H=2.149, d_s=1.936, d_w=2.392, radii 10..20  (106 s)
  seed 1: 35209 events, structure exact, d_H=2.203, d_s=1.954, d_w=2.386, radii 11..21  (135 s)
  seed 2: 44260 events, structure exact, d_H=2.185, d_s=1.878, d_w=2.378, radii 12..23  (182 s)
  seed 3: 15819 events, structure exact, d_H=2.174, d_s=1.928, d_w=2.419, radii 7..14  (24 s)
  seed 4: 27291 events, structure exact, d_H=2.188, d_s=1.937, d_w=2.454, radii 10..19  (87 s)
  seed 5: 35308 events, structure exact, d_H=2.186, d_s=1.898, d_w=2.400, radii 11..21  (119 s)
  seed 6: 17131 events, structure exact, d_H=2.139, d_s=1.868, d_w=2.648, radii 8..15  (36 s)
  seed 7: 65546 events, structure exact, d_H=2.157, d_s=1.888, d_w=2.417, radii 14..28  (481 s)
  seed 8: 32524 events, structure exact, d_H=2.108, d_s=1.740, d_w=2.407, radii 11..21  (110 s)
  seed 9: 20027 events, structure exact, d_H=2.109, d_s=1.839, d_w=2.475, radii 9..17  (48 s)
F0 flat strip (40000 events): AS EXPECTED  d_H=1.897, d_s=1.884, d_w=2.065, beta=0.460, radii 19..37, structure notes: none  (196 s)
E2 slice length (1,000 seeds): AS EXPECTED  slope=2.052, intercept=0.24; mean L at t=50,100,199: 102.6, 203.2, 413.9 (1+2t: 101, 201, 399)  (3 s)
E1 structure exact in all 10 runs: AS EXPECTED
E3 median d_H = 2.166: AS EXPECTED
E4 median d_s = 1.893: AS EXPECTED
E5 median d_w = 2.412 (reported; >= 1.8): AS EXPECTED
EXIT: PASS: C1: ED's causal growth with no splitting reproduces 2D CDT: the causal half checked.
total 1529 s
exit 0
