reading B k=0.5 L*=100: survived 20/20 (died 0, ran away 0); median telescoped offspring 1.0006; median mean length 98.5 (0.985 of L*)
reading B k=0.5 L*=200: survived 20/20 (died 0, ran away 0); median telescoped offspring 0.9998; median mean length 201.7 (1.008 of L*)
reading B k=1.0 L*=100: survived 20/20 (died 0, ran away 0); median telescoped offspring 0.9998; median mean length 99.6 (0.996 of L*)
reading B k=1.0 L*=200: survived 20/20 (died 0, ran away 0); median telescoped offspring 1.0001; median mean length 200.1 (1.000 of L*)
reading B k=1.5 L*=100: survived 20/20 (died 0, ran away 0); median telescoped offspring 0.9998; median mean length 104.1 (1.041 of L*)
reading B k=1.5 L*=200: survived 20/20 (died 0, ran away 0); median telescoped offspring 0.9998; median mean length 210.0 (1.050 of L*)
reading B k=2.5 L*=100: survived 18/20 (died 2, ran away 0); median telescoped offspring 1.0005; median mean length 139.7 (1.397 of L*)
reading B k=2.5 L*=200: survived 20/20 (died 0, ran away 0); median telescoped offspring 1.0000; median mean length 278.4 (1.392 of L*)
reading A k=0.5 L*=200: survived 0/20 (died 0, ran away 20); median telescoped offspring nan; median mean length nan (nan of L*)
reading A k=1.0 L*=200: survived 0/20 (died 0, ran away 20); median telescoped offspring nan; median mean length nan (nan of L*)
  geometry k=0.5 seed 103: 39356 events, structure exact, d_H=2.131, d_s=1.962, d_w=2.257, radii 10..20 (126 s)
  geometry k=0.5 seed 104: 40603 events, structure exact, d_H=2.135, d_s=1.949, d_w=2.248, radii 11..21 (149 s)
  geometry k=0.5 seed 105: 39235 events, structure exact, d_H=2.158, d_s=2.014, d_w=2.257, radii 10..20 (130 s)
  geometry k=1.0 seed 103: 39516 events, structure exact, d_H=2.088, d_s=1.974, d_w=2.196, radii 10..19 (94 s)
  geometry k=1.0 seed 104: 40503 events, structure exact, d_H=2.103, d_s=1.987, d_w=2.194, radii 10..19 (168 s)
  geometry k=1.0 seed 105: 39520 events, structure exact, d_H=2.082, d_s=1.941, d_w=2.208, radii 10..19 (430 s)
  geometry k=1.5 seed 103: 41990 events, structure exact, d_H=2.105, d_s=2.004, d_w=2.187, radii 8..16 (369 s)
  geometry k=1.5 seed 104: 42717 events, structure exact, d_H=2.102, d_s=2.020, d_w=2.199, radii 8..16 (383 s)
  geometry k=1.5 seed 105: 41820 events, structure exact, d_H=2.108, d_s=2.015, d_w=2.190, radii 8..16 (175 s)
E1 structure exact, budget conserved: AS EXPECTED
E2 reading B balance (telescoped), k=0.5,1,1.5: AS EXPECTED
E3 reading B k=2.5 fails in majority: AS EXPECTED
E4 reading A dies or runs away in majority: AS EXPECTED
E5 geometry (overall medians d_H 2.105, d_s 1.987, d_w 2.199): AS EXPECTED
EXIT: PASS (revised check confirmed on fresh seeds): the balance self-organizes from ED's budget passed forward and conserved: consistent, not derived; k and L* are knobs; space settles as a fixed-size tube, and growth would need budget creation (the cosmic excess, inherited).
total 2031 s
