[1/480] d2_n128_G_persistent_s13.json 343 s (elapsed 344 s)
[2/480] d2_n128_G_persistent_s16.json 347 s (elapsed 348 s)
[3/480] d2_n128_G_persistent_s14.json 348 s (elapsed 350 s)
[4/480] d2_n128_G_persistent_s15.json 349 s (elapsed 351 s)
[5/480] d2_n128_G_persistent_s17.json 350 s (elapsed 352 s)
[6/480] d2_n128_G_persistent_s18.json 355 s (elapsed 357 s)
[7/480] d2_n128_G_persistent_s19.json 333 s (elapsed 677 s)
[8/480] d2_n128_G_persistent_s21.json 332 s (elapsed 681 s)
[9/480] d2_n128_G_persistent_s20.json 336 s (elapsed 684 s)
[10/480] d2_n128_G_persistent_s22.json 336 s (elapsed 687 s)
[11/480] d2_n128_G_fresh_s14.json 362 s (elapsed 719 s)
[12/480] d2_n128_G_fresh_s13.json 370 s (elapsed 722 s)
[13/480] d2_n128_G_fresh_s17.json 353 s (elapsed 1037 s)
[14/480] d2_n128_G_fresh_s16.json 356 s (elapsed 1038 s)
[15/480] d2_n128_G_fresh_s18.json 354 s (elapsed 1040 s)
[16/480] d2_n128_G_fresh_s15.json 370 s (elapsed 1046 s)
[17/480] d2_n128_G_fresh_s19.json 355 s (elapsed 1074 s)
[18/480] d2_n128_G_fresh_s20.json 356 s (elapsed 1078 s)
[19/480] d2_n128_G_fresh_s21.json 340 s (elapsed 1377 s)
[20/480] d2_n128_G_fresh_s22.json 356 s (elapsed 1394 s)
[21/480] d2_n128_R_persistent_s14.json 812 s (elapsed 1859 s)
[22/480] d2_n128_R_persistent_s13.json 829 s (elapsed 1870 s)
[23/480] d2_n128_R_persistent_s15.json 810 s (elapsed 1884 s)
[24/480] d2_n128_R_persistent_s16.json 815 s (elapsed 1893 s)
[25/480] d2_n128_R_persistent_s17.json 804 s (elapsed 2181 s)
[26/480] d2_n128_R_persistent_s18.json 810 s (elapsed 2203 s)
[27/480] d2_n128_R_persistent_s19.json 803 s (elapsed 2661 s)
[28/480] d2_n128_R_persistent_s20.json 808 s (elapsed 2678 s)
[29/480] d2_n128_R_persistent_s21.json 804 s (elapsed 2688 s)
[30/480] d2_n128_R_persistent_s22.json 800 s (elapsed 2693 s)
[31/480] d2_n128_R_fresh_s13.json 838 s (elapsed 3019 s)
[32/480] d2_n128_R_fresh_s14.json 838 s (elapsed 3042 s)
[33/480] d2_n128_R_fresh_s15.json 833 s (elapsed 3494 s)
[34/480] d2_n128_R_fresh_s16.json 836 s (elapsed 3514 s)
[35/480] d2_n128_R_fresh_s18.json 834 s (elapsed 3527 s)
[36/480] d2_n128_R_fresh_s17.json 841 s (elapsed 3529 s)
[37/480] d1_n512_G_persistent_s13.json 29 s (elapsed 3556 s)
[38/480] d1_n512_G_persistent_s14.json 29 s (elapsed 3558 s)
[39/480] d1_n512_G_persistent_s15.json 28 s (elapsed 3584 s)
[40/480] d1_n512_G_persistent_s16.json 28 s (elapsed 3586 s)
[41/480] d1_n512_G_persistent_s17.json 28 s (elapsed 3612 s)
[42/480] d1_n512_G_persistent_s18.json 28 s (elapsed 3613 s)
[43/480] d1_n512_G_persistent_s19.json 28 s (elapsed 3640 s)
[44/480] d1_n512_G_persistent_s20.json 27 s (elapsed 3641 s)
[45/480] d1_n512_G_persistent_s21.json 27 s (elapsed 3667 s)
[46/480] d1_n512_G_persistent_s22.json 27 s (elapsed 3668 s)
[47/480] d1_n512_G_fresh_s13.json 38 s (elapsed 3704 s)
[48/480] d1_n512_G_fresh_s14.json 38 s (elapsed 3706 s)
[49/480] d1_n512_G_fresh_s15.json 38 s (elapsed 3743 s)
[50/480] d1_n512_G_fresh_s16.json 38 s (elapsed 3744 s)
[51/480] d2_n128_R_fresh_s19.json 760 s (elapsed 3780 s)
[52/480] d1_n512_G_fresh_s17.json 38 s (elapsed 3780 s)
[53/480] d1_n512_G_fresh_s18.json 38 s (elapsed 3782 s)
[54/480] d2_n128_R_fresh_s20.json 753 s (elapsed 3795 s)
[55/480] d1_n512_G_fresh_s19.json 37 s (elapsed 3817 s)
[56/480] d1_n512_G_fresh_s20.json 37 s (elapsed 3817 s)
[57/480] d1_n512_G_fresh_s21.json 36 s (elapsed 3818 s)
[58/480] d1_n512_G_fresh_s22.json 37 s (elapsed 3832 s)
[59/480] d1_n512_R_persistent_s13.json 95 s (elapsed 3912 s)
[60/480] d1_n512_R_persistent_s15.json 100 s (elapsed 3918 s)
[61/480] d1_n512_R_persistent_s14.json 102 s (elapsed 3919 s)
[62/480] d1_n512_R_persistent_s16.json 101 s (elapsed 3932 s)
[63/480] d1_n512_R_persistent_s17.json 103 s (elapsed 4015 s)
[64/480] d1_n512_R_persistent_s18.json 100 s (elapsed 4018 s)
[65/480] d1_n512_R_persistent_s19.json 100 s (elapsed 4019 s)
[66/480] d1_n512_R_persistent_s20.json 102 s (elapsed 4035 s)
[67/480] d2_n128_R_fresh_s21.json 597 s (elapsed 4091 s)
[68/480] d2_n128_R_fresh_s22.json 594 s (elapsed 4108 s)
[69/480] d1_n512_R_persistent_s21.json 99 s (elapsed 4115 s)
[70/480] d1_n512_R_persistent_s22.json 98 s (elapsed 4116 s)
[71/480] d1_n512_R_fresh_s13.json 106 s (elapsed 4125 s)
[72/480] d1_n512_R_fresh_s14.json 109 s (elapsed 4144 s)
[73/480] d1_n512_R_fresh_s15.json 108 s (elapsed 4199 s)
[74/480] d1_n512_R_fresh_s16.json 109 s (elapsed 4217 s)
[75/480] d1_n512_R_fresh_s18.json 107 s (elapsed 4223 s)
[76/480] d1_n512_R_fresh_s17.json 111 s (elapsed 4226 s)
[77/480] d1_n512_R_fresh_s19.json 108 s (elapsed 4233 s)
[78/480] d1_n512_R_fresh_s20.json 113 s (elapsed 4257 s)
[79/480] d3_n32_G_persistent_s13.json 66 s (elapsed 4289 s)
[80/480] d3_n32_G_persistent_s14.json 67 s (elapsed 4293 s)
[81/480] d3_n32_G_persistent_s15.json 69 s (elapsed 4302 s)
[82/480] d1_n512_R_fresh_s21.json 112 s (elapsed 4311 s)
[83/480] d1_n512_R_fresh_s22.json 109 s (elapsed 4327 s)
[84/480] d3_n32_G_persistent_s16.json 73 s (elapsed 4330 s)
[85/480] d3_n32_G_persistent_s17.json 77 s (elapsed 4366 s)
[86/480] d3_n32_G_persistent_s18.json 78 s (elapsed 4372 s)
[87/480] d3_n32_G_persistent_s19.json 80 s (elapsed 4382 s)
[88/480] d3_n32_G_persistent_s20.json 92 s (elapsed 4403 s)
[89/480] d3_n32_G_persistent_s21.json 97 s (elapsed 4424 s)
[90/480] d3_n32_G_persistent_s22.json 96 s (elapsed 4425 s)
[91/480] d3_n32_G_fresh_s13.json 105 s (elapsed 4471 s)
[92/480] d3_n32_G_fresh_s14.json 105 s (elapsed 4477 s)
[93/480] d3_n32_G_fresh_s15.json 105 s (elapsed 4488 s)
[94/480] d3_n32_G_fresh_s16.json 104 s (elapsed 4507 s)
[95/480] d3_n32_G_fresh_s18.json 106 s (elapsed 4531 s)
[96/480] d3_n32_G_fresh_s17.json 107 s (elapsed 4531 s)
[97/480] d3_n32_G_fresh_s19.json 106 s (elapsed 4577 s)
[98/480] d3_n32_G_fresh_s20.json 105 s (elapsed 4582 s)
[99/480] d3_n32_G_fresh_s21.json 106 s (elapsed 4593 s)
[100/480] d3_n32_G_fresh_s22.json 103 s (elapsed 4610 s)
[101/480] d3_n32_R_persistent_s13.json 160 s (elapsed 4691 s)
[102/480] d3_n32_R_persistent_s14.json 165 s (elapsed 4696 s)
[103/480] d3_n32_R_persistent_s15.json 157 s (elapsed 4734 s)
[104/480] d3_n32_R_persistent_s16.json 158 s (elapsed 4740 s)
[105/480] d3_n32_R_persistent_s17.json 158 s (elapsed 4751 s)
[106/480] d3_n32_R_persistent_s18.json 159 s (elapsed 4769 s)
[107/480] d3_n32_R_persistent_s19.json 152 s (elapsed 4843 s)
[108/480] d3_n32_R_persistent_s20.json 158 s (elapsed 4855 s)
[109/480] d3_n32_R_persistent_s21.json 154 s (elapsed 4887 s)
[110/480] d3_n32_R_persistent_s22.json 157 s (elapsed 4897 s)
[111/480] d3_n32_R_fresh_s13.json 160 s (elapsed 4911 s)
[112/480] d3_n32_R_fresh_s14.json 163 s (elapsed 4932 s)
[113/480] d3_n32_R_fresh_s15.json 156 s (elapsed 4999 s)
[114/480] d3_n32_R_fresh_s16.json 158 s (elapsed 5013 s)
[115/480] d3_n32_R_fresh_s17.json 156 s (elapsed 5043 s)
[116/480] d1_n256_G_persistent_s13.json 4 s (elapsed 5048 s)
[117/480] d1_n256_G_persistent_s14.json 4 s (elapsed 5052 s)
[118/480] d3_n32_R_fresh_s18.json 156 s (elapsed 5053 s)
[119/480] d1_n256_G_persistent_s15.json 4 s (elapsed 5056 s)
[120/480] d1_n256_G_persistent_s16.json 4 s (elapsed 5057 s)
[121/480] d1_n256_G_persistent_s17.json 4 s (elapsed 5061 s)
[122/480] d1_n256_G_persistent_s18.json 4 s (elapsed 5061 s)
[123/480] d3_n32_R_fresh_s19.json 153 s (elapsed 5064 s)
[124/480] d1_n256_G_persistent_s20.json 4 s (elapsed 5065 s)
[125/480] d1_n256_G_persistent_s19.json 4 s (elapsed 5065 s)
[126/480] d1_n256_G_persistent_s21.json 4 s (elapsed 5068 s)
[127/480] d1_n256_G_persistent_s22.json 4 s (elapsed 5069 s)
[128/480] d1_n256_G_fresh_s13.json 6 s (elapsed 5071 s)
[129/480] d1_n256_G_fresh_s14.json 6 s (elapsed 5074 s)
[130/480] d1_n256_G_fresh_s15.json 6 s (elapsed 5075 s)
[131/480] d1_n256_G_fresh_s16.json 6 s (elapsed 5076 s)
[132/480] d1_n256_G_fresh_s17.json 6 s (elapsed 5080 s)
[133/480] d1_n256_G_fresh_s18.json 6 s (elapsed 5081 s)
[134/480] d3_n32_R_fresh_s20.json 150 s (elapsed 5082 s)
[135/480] d1_n256_G_fresh_s19.json 6 s (elapsed 5083 s)
[136/480] d1_n256_G_fresh_s20.json 6 s (elapsed 5087 s)
[137/480] d1_n256_G_fresh_s21.json 6 s (elapsed 5087 s)
[138/480] d1_n256_G_fresh_s22.json 6 s (elapsed 5088 s)
[139/480] d1_n256_R_persistent_s13.json 12 s (elapsed 5095 s)
[140/480] d1_n256_R_persistent_s15.json 13 s (elapsed 5099 s)
[141/480] d1_n256_R_persistent_s14.json 14 s (elapsed 5101 s)
[142/480] d1_n256_R_persistent_s16.json 14 s (elapsed 5102 s)
[143/480] d1_n256_R_persistent_s17.json 13 s (elapsed 5108 s)
[144/480] d1_n256_R_persistent_s18.json 14 s (elapsed 5113 s)
[145/480] d1_n256_R_persistent_s19.json 13 s (elapsed 5114 s)
[146/480] d1_n256_R_persistent_s20.json 13 s (elapsed 5115 s)
[147/480] d1_n256_R_persistent_s21.json 14 s (elapsed 5121 s)
[148/480] d3_n32_R_fresh_s21.json 124 s (elapsed 5123 s)
[149/480] d1_n256_R_persistent_s22.json 13 s (elapsed 5126 s)
[150/480] d1_n256_R_fresh_s13.json 15 s (elapsed 5129 s)
[151/480] d1_n256_R_fresh_s14.json 15 s (elapsed 5130 s)
[152/480] d3_n32_R_fresh_s22.json 122 s (elapsed 5134 s)
[153/480] d1_n256_R_fresh_s15.json 15 s (elapsed 5136 s)
[154/480] d1_n256_R_fresh_s16.json 15 s (elapsed 5139 s)
[155/480] d1_n256_R_fresh_s17.json 14 s (elapsed 5141 s)
[156/480] d1_n256_R_fresh_s18.json 15 s (elapsed 5144 s)
[157/480] d1_n256_R_fresh_s19.json 14 s (elapsed 5144 s)
[158/480] d1_n256_R_fresh_s20.json 16 s (elapsed 5150 s)
[159/480] d2_n64_G_persistent_s13.json 9 s (elapsed 5150 s)
[160/480] d1_n256_R_fresh_s21.json 15 s (elapsed 5151 s)
[161/480] d2_n64_G_persistent_s14.json 9 s (elapsed 5153 s)
[162/480] d2_n64_G_persistent_s15.json 9 s (elapsed 5154 s)
[163/480] d1_n256_R_fresh_s22.json 15 s (elapsed 5154 s)
[164/480] d2_n64_G_persistent_s16.json 9 s (elapsed 5159 s)
[165/480] d2_n64_G_persistent_s17.json 9 s (elapsed 5159 s)
[166/480] d2_n64_G_persistent_s18.json 9 s (elapsed 5161 s)
[167/480] d2_n64_G_persistent_s19.json 9 s (elapsed 5163 s)
[168/480] d2_n64_G_persistent_s21.json 9 s (elapsed 5163 s)
[169/480] d2_n64_G_persistent_s20.json 10 s (elapsed 5163 s)
[170/480] d2_n64_G_persistent_s22.json 10 s (elapsed 5169 s)
[171/480] d2_n64_G_fresh_s13.json 10 s (elapsed 5170 s)
[172/480] d2_n64_G_fresh_s14.json 11 s (elapsed 5171 s)
[173/480] d2_n64_G_fresh_s15.json 11 s (elapsed 5174 s)
[174/480] d2_n64_G_fresh_s16.json 11 s (elapsed 5174 s)
[175/480] d2_n64_G_fresh_s17.json 11 s (elapsed 5174 s)
[176/480] d2_n64_G_fresh_s18.json 11 s (elapsed 5180 s)
[177/480] d2_n64_G_fresh_s19.json 11 s (elapsed 5181 s)
[178/480] d2_n64_G_fresh_s20.json 11 s (elapsed 5182 s)
[179/480] d2_n64_G_fresh_s21.json 11 s (elapsed 5185 s)
[180/480] d2_n64_G_fresh_s22.json 11 s (elapsed 5185 s)
[181/480] d2_n64_R_persistent_s13.json 24 s (elapsed 5199 s)
[182/480] d2_n64_R_persistent_s14.json 24 s (elapsed 5204 s)
[183/480] d2_n64_R_persistent_s15.json 25 s (elapsed 5206 s)
[184/480] d2_n64_R_persistent_s16.json 25 s (elapsed 5207 s)
[185/480] d2_n64_R_persistent_s18.json 24 s (elapsed 5209 s)
[186/480] d2_n64_R_persistent_s17.json 25 s (elapsed 5210 s)
[187/480] d2_n64_R_persistent_s19.json 25 s (elapsed 5223 s)
[188/480] d2_n64_R_persistent_s20.json 25 s (elapsed 5229 s)
[189/480] d2_n64_R_persistent_s21.json 26 s (elapsed 5231 s)
[190/480] d2_n64_R_persistent_s22.json 24 s (elapsed 5232 s)
[191/480] d2_n64_R_fresh_s13.json 27 s (elapsed 5236 s)
[192/480] d2_n64_R_fresh_s14.json 27 s (elapsed 5237 s)
[193/480] d2_n64_R_fresh_s15.json 26 s (elapsed 5250 s)
[194/480] d2_n64_R_fresh_s16.json 27 s (elapsed 5256 s)
[195/480] d2_n64_R_fresh_s18.json 26 s (elapsed 5258 s)
[196/480] d2_n64_R_fresh_s17.json 27 s (elapsed 5259 s)
[197/480] d2_n64_R_fresh_s19.json 28 s (elapsed 5264 s)
[198/480] d2_n64_R_fresh_s20.json 28 s (elapsed 5265 s)
[199/480] d3_n24_G_persistent_s14.json 15 s (elapsed 5274 s)
[200/480] d3_n24_G_persistent_s13.json 16 s (elapsed 5274 s)
[201/480] d2_n64_R_fresh_s21.json 29 s (elapsed 5278 s)
[202/480] d3_n24_G_persistent_s15.json 17 s (elapsed 5281 s)
[203/480] d3_n24_G_persistent_s16.json 17 s (elapsed 5283 s)
[204/480] d2_n64_R_fresh_s22.json 30 s (elapsed 5285 s)
[205/480] d3_n24_G_persistent_s18.json 16 s (elapsed 5290 s)
[206/480] d3_n24_G_persistent_s17.json 18 s (elapsed 5291 s)
[207/480] d3_n24_G_persistent_s19.json 21 s (elapsed 5299 s)
[208/480] d3_n24_G_persistent_s22.json 16 s (elapsed 5302 s)
[209/480] d3_n24_G_persistent_s21.json 19 s (elapsed 5302 s)
[210/480] d3_n24_G_persistent_s20.json 22 s (elapsed 5303 s)
[211/480] d3_n24_G_fresh_s13.json 21 s (elapsed 5311 s)
[212/480] d3_n24_G_fresh_s14.json 22 s (elapsed 5313 s)
[213/480] d3_n24_G_fresh_s15.json 24 s (elapsed 5323 s)
[214/480] d3_n24_G_fresh_s17.json 22 s (elapsed 5324 s)
[215/480] d3_n24_G_fresh_s18.json 22 s (elapsed 5325 s)
[216/480] d3_n24_G_fresh_s16.json 24 s (elapsed 5326 s)
[217/480] d3_n24_G_fresh_s19.json 22 s (elapsed 5332 s)
[218/480] d3_n24_G_fresh_s20.json 22 s (elapsed 5334 s)
[219/480] d3_n24_G_fresh_s22.json 21 s (elapsed 5345 s)
[220/480] d3_n24_G_fresh_s21.json 24 s (elapsed 5347 s)
[221/480] d3_n24_R_persistent_s13.json 36 s (elapsed 5361 s)
[222/480] d3_n24_R_persistent_s14.json 36 s (elapsed 5362 s)
[223/480] d3_n24_R_persistent_s15.json 36 s (elapsed 5368 s)
[224/480] d3_n24_R_persistent_s16.json 35 s (elapsed 5370 s)
[225/480] d3_n24_R_persistent_s17.json 37 s (elapsed 5382 s)
[226/480] d3_n24_R_persistent_s18.json 37 s (elapsed 5384 s)
[227/480] d3_n24_R_persistent_s19.json 36 s (elapsed 5397 s)
[228/480] d3_n24_R_persistent_s20.json 36 s (elapsed 5398 s)
[229/480] d3_n24_R_persistent_s21.json 36 s (elapsed 5405 s)
[230/480] d3_n24_R_persistent_s22.json 35 s (elapsed 5405 s)
[231/480] d3_n24_R_fresh_s13.json 38 s (elapsed 5420 s)
[232/480] d3_n24_R_fresh_s14.json 37 s (elapsed 5421 s)
[233/480] d3_n24_R_fresh_s15.json 38 s (elapsed 5435 s)
[234/480] d3_n24_R_fresh_s16.json 37 s (elapsed 5435 s)
[235/480] d3_n24_R_fresh_s17.json 38 s (elapsed 5442 s)
[236/480] d1_n128_G_persistent_s13.json 1 s (elapsed 5443 s)
[237/480] d3_n24_R_fresh_s18.json 38 s (elapsed 5443 s)
[238/480] d1_n128_G_persistent_s14.json 1 s (elapsed 5444 s)
[239/480] d1_n128_G_persistent_s15.json 1 s (elapsed 5444 s)
[240/480] d1_n128_G_persistent_s16.json 1 s (elapsed 5444 s)
[241/480] d1_n128_G_persistent_s17.json 1 s (elapsed 5444 s)
[242/480] d1_n128_G_persistent_s18.json 1 s (elapsed 5445 s)
[243/480] d1_n128_G_persistent_s19.json 1 s (elapsed 5445 s)
[244/480] d1_n128_G_persistent_s20.json 1 s (elapsed 5446 s)
[245/480] d1_n128_G_persistent_s21.json 1 s (elapsed 5446 s)
[246/480] d1_n128_G_persistent_s22.json 1 s (elapsed 5447 s)
[247/480] d1_n128_G_fresh_s13.json 1 s (elapsed 5447 s)
[248/480] d1_n128_G_fresh_s14.json 1 s (elapsed 5448 s)
[249/480] d1_n128_G_fresh_s15.json 1 s (elapsed 5448 s)
[250/480] d1_n128_G_fresh_s16.json 1 s (elapsed 5449 s)
[251/480] d1_n128_G_fresh_s17.json 1 s (elapsed 5449 s)
[252/480] d1_n128_G_fresh_s18.json 1 s (elapsed 5450 s)
[253/480] d1_n128_G_fresh_s19.json 1 s (elapsed 5450 s)
[254/480] d1_n128_G_fresh_s21.json 1 s (elapsed 5451 s)
[255/480] d1_n128_G_fresh_s20.json 1 s (elapsed 5451 s)
[256/480] d1_n128_G_fresh_s22.json 1 s (elapsed 5453 s)
[257/480] d1_n128_R_persistent_s13.json 2 s (elapsed 5453 s)
[258/480] d3_n24_R_fresh_s19.json 34 s (elapsed 5454 s)
[259/480] d1_n128_R_persistent_s14.json 2 s (elapsed 5454 s)
[260/480] d1_n128_R_persistent_s15.json 2 s (elapsed 5455 s)
[261/480] d3_n24_R_fresh_s20.json 34 s (elapsed 5455 s)
[262/480] d1_n128_R_persistent_s16.json 2 s (elapsed 5456 s)
[263/480] d1_n128_R_persistent_s17.json 2 s (elapsed 5457 s)
[264/480] d1_n128_R_persistent_s19.json 2 s (elapsed 5457 s)
[265/480] d1_n128_R_persistent_s18.json 2 s (elapsed 5457 s)
[266/480] d1_n128_R_persistent_s20.json 2 s (elapsed 5458 s)
[267/480] d1_n128_R_persistent_s21.json 2 s (elapsed 5458 s)
[268/480] d1_n128_R_persistent_s22.json 2 s (elapsed 5459 s)
[269/480] d1_n128_R_fresh_s13.json 2 s (elapsed 5460 s)
[270/480] d1_n128_R_fresh_s14.json 2 s (elapsed 5460 s)
[271/480] d1_n128_R_fresh_s15.json 2 s (elapsed 5461 s)
[272/480] d1_n128_R_fresh_s16.json 2 s (elapsed 5461 s)
[273/480] d1_n128_R_fresh_s17.json 2 s (elapsed 5462 s)
[274/480] d1_n128_R_fresh_s18.json 2 s (elapsed 5462 s)
[275/480] d1_n128_R_fresh_s19.json 2 s (elapsed 5463 s)
[276/480] d2_n32_G_persistent_s13.json 1 s (elapsed 5463 s)
[277/480] d1_n128_R_fresh_s20.json 2 s (elapsed 5464 s)
[278/480] d2_n32_G_persistent_s14.json 1 s (elapsed 5464 s)
[279/480] d1_n128_R_fresh_s21.json 2 s (elapsed 5464 s)
[280/480] d2_n32_G_persistent_s15.json 1 s (elapsed 5464 s)
[281/480] d3_n24_R_fresh_s22.json 29 s (elapsed 5464 s)
[282/480] d1_n128_R_fresh_s22.json 2 s (elapsed 5465 s)
[283/480] d2_n32_G_persistent_s16.json 1 s (elapsed 5465 s)
[284/480] d3_n24_R_fresh_s21.json 29 s (elapsed 5465 s)
[285/480] d2_n32_G_persistent_s18.json 1 s (elapsed 5465 s)
[286/480] d2_n32_G_persistent_s17.json 1 s (elapsed 5465 s)
[287/480] d2_n32_G_persistent_s19.json 1 s (elapsed 5465 s)
[288/480] d2_n32_G_persistent_s20.json 1 s (elapsed 5465 s)
[289/480] d2_n32_G_persistent_s21.json 1 s (elapsed 5465 s)
[290/480] d2_n32_G_persistent_s22.json 1 s (elapsed 5466 s)
[291/480] d2_n32_G_fresh_s14.json 1 s (elapsed 5466 s)
[292/480] d2_n32_G_fresh_s13.json 1 s (elapsed 5466 s)
[293/480] d2_n32_G_fresh_s15.json 1 s (elapsed 5466 s)
[294/480] d2_n32_G_fresh_s16.json 1 s (elapsed 5466 s)
[295/480] d2_n32_G_fresh_s17.json 1 s (elapsed 5466 s)
[296/480] d2_n32_G_fresh_s18.json 1 s (elapsed 5466 s)
[297/480] d2_n32_G_fresh_s20.json 1 s (elapsed 5467 s)
[298/480] d2_n32_G_fresh_s19.json 1 s (elapsed 5467 s)
[299/480] d2_n32_G_fresh_s22.json 1 s (elapsed 5467 s)
[300/480] d2_n32_G_fresh_s21.json 1 s (elapsed 5467 s)
[301/480] d2_n32_R_persistent_s13.json 2 s (elapsed 5468 s)
[302/480] d2_n32_R_persistent_s14.json 1 s (elapsed 5468 s)
[303/480] d2_n32_R_persistent_s15.json 1 s (elapsed 5468 s)
[304/480] d2_n32_R_persistent_s17.json 1 s (elapsed 5468 s)
[305/480] d2_n32_R_persistent_s16.json 2 s (elapsed 5468 s)
[306/480] d2_n32_R_persistent_s18.json 2 s (elapsed 5469 s)
[307/480] d2_n32_R_persistent_s19.json 1 s (elapsed 5469 s)
[308/480] d2_n32_R_persistent_s20.json 2 s (elapsed 5469 s)
[309/480] d2_n32_R_persistent_s21.json 2 s (elapsed 5470 s)
[310/480] d2_n32_R_persistent_s22.json 1 s (elapsed 5470 s)
[311/480] d2_n32_R_fresh_s14.json 2 s (elapsed 5470 s)
[312/480] d2_n32_R_fresh_s13.json 2 s (elapsed 5470 s)
[313/480] d2_n32_R_fresh_s15.json 1 s (elapsed 5471 s)
[314/480] d2_n32_R_fresh_s16.json 2 s (elapsed 5471 s)
[315/480] d2_n32_R_fresh_s17.json 2 s (elapsed 5472 s)
[316/480] d2_n32_R_fresh_s19.json 2 s (elapsed 5472 s)
[317/480] d2_n32_R_fresh_s18.json 2 s (elapsed 5472 s)
[318/480] d2_n32_R_fresh_s20.json 2 s (elapsed 5472 s)
[319/480] d2_n32_R_fresh_s21.json 2 s (elapsed 5472 s)
[320/480] d2_n32_R_fresh_s22.json 2 s (elapsed 5473 s)
[321/480] d3_n16_G_persistent_s13.json 1 s (elapsed 5473 s)
[322/480] d3_n16_G_persistent_s14.json 1 s (elapsed 5473 s)
[323/480] d3_n16_G_persistent_s15.json 1 s (elapsed 5473 s)
[324/480] d3_n16_G_persistent_s16.json 1 s (elapsed 5473 s)
[325/480] d3_n16_G_persistent_s17.json 1 s (elapsed 5474 s)
[326/480] d3_n16_G_persistent_s18.json 1 s (elapsed 5474 s)
[327/480] d3_n16_G_persistent_s19.json 1 s (elapsed 5474 s)
[328/480] d3_n16_G_persistent_s22.json 1 s (elapsed 5475 s)
[329/480] d3_n16_G_persistent_s20.json 1 s (elapsed 5475 s)
[330/480] d3_n16_G_persistent_s21.json 1 s (elapsed 5475 s)
[331/480] d3_n16_G_fresh_s13.json 2 s (elapsed 5475 s)
[332/480] d3_n16_G_fresh_s15.json 2 s (elapsed 5476 s)
[333/480] d3_n16_G_fresh_s14.json 2 s (elapsed 5476 s)
[334/480] d3_n16_G_fresh_s17.json 2 s (elapsed 5476 s)
[335/480] d3_n16_G_fresh_s16.json 2 s (elapsed 5476 s)
[336/480] d3_n16_G_fresh_s18.json 2 s (elapsed 5477 s)
[337/480] d3_n16_G_fresh_s19.json 2 s (elapsed 5477 s)
[338/480] d3_n16_G_fresh_s20.json 2 s (elapsed 5478 s)
[339/480] d3_n16_G_fresh_s21.json 2 s (elapsed 5478 s)
[340/480] d3_n16_G_fresh_s22.json 2 s (elapsed 5478 s)
[341/480] d3_n16_R_persistent_s13.json 2 s (elapsed 5479 s)
[342/480] d3_n16_R_persistent_s14.json 2 s (elapsed 5479 s)
[343/480] d3_n16_R_persistent_s15.json 2 s (elapsed 5479 s)
[344/480] d3_n16_R_persistent_s17.json 2 s (elapsed 5480 s)
[345/480] d3_n16_R_persistent_s16.json 2 s (elapsed 5480 s)
[346/480] d3_n16_R_persistent_s18.json 3 s (elapsed 5481 s)
[347/480] d3_n16_R_persistent_s19.json 2 s (elapsed 5481 s)
[348/480] d3_n16_R_persistent_s20.json 3 s (elapsed 5482 s)
[349/480] d3_n16_R_persistent_s21.json 2 s (elapsed 5482 s)
[350/480] d3_n16_R_persistent_s22.json 2 s (elapsed 5483 s)
[351/480] d3_n16_R_fresh_s13.json 3 s (elapsed 5483 s)
[352/480] d3_n16_R_fresh_s14.json 3 s (elapsed 5484 s)
[353/480] d3_n16_R_fresh_s15.json 3 s (elapsed 5484 s)
[354/480] d3_n16_R_fresh_s17.json 3 s (elapsed 5485 s)
[355/480] d3_n16_R_fresh_s16.json 3 s (elapsed 5485 s)
[356/480] d1_n64_G_persistent_s13.json 0 s (elapsed 5485 s)
[357/480] d1_n64_G_persistent_s14.json 0 s (elapsed 5485 s)
[358/480] d1_n64_G_persistent_s15.json 0 s (elapsed 5485 s)
[359/480] d1_n64_G_persistent_s16.json 0 s (elapsed 5485 s)
[360/480] d1_n64_G_persistent_s17.json 0 s (elapsed 5485 s)
[361/480] d1_n64_G_persistent_s18.json 0 s (elapsed 5485 s)
[362/480] d1_n64_G_persistent_s19.json 0 s (elapsed 5486 s)
[363/480] d1_n64_G_persistent_s20.json 0 s (elapsed 5486 s)
[364/480] d3_n16_R_fresh_s18.json 3 s (elapsed 5486 s)
[365/480] d1_n64_G_persistent_s21.json 0 s (elapsed 5486 s)
[366/480] d1_n64_G_persistent_s22.json 0 s (elapsed 5486 s)
[367/480] d3_n16_R_fresh_s19.json 3 s (elapsed 5486 s)
[368/480] d1_n64_G_fresh_s13.json 0 s (elapsed 5486 s)
[369/480] d1_n64_G_fresh_s14.json 0 s (elapsed 5486 s)
[370/480] d1_n64_G_fresh_s15.json 0 s (elapsed 5486 s)
[371/480] d3_n16_R_fresh_s20.json 3 s (elapsed 5486 s)
[372/480] d1_n64_G_fresh_s16.json 0 s (elapsed 5486 s)
[373/480] d1_n64_G_fresh_s17.json 0 s (elapsed 5486 s)
[374/480] d1_n64_G_fresh_s18.json 0 s (elapsed 5487 s)
[375/480] d1_n64_G_fresh_s19.json 0 s (elapsed 5487 s)
[376/480] d1_n64_G_fresh_s20.json 0 s (elapsed 5487 s)
[377/480] d1_n64_G_fresh_s21.json 0 s (elapsed 5487 s)
[378/480] d1_n64_G_fresh_s22.json 0 s (elapsed 5487 s)
[379/480] d1_n64_R_persistent_s13.json 0 s (elapsed 5487 s)
[380/480] d1_n64_R_persistent_s14.json 0 s (elapsed 5487 s)
[381/480] d1_n64_R_persistent_s15.json 0 s (elapsed 5487 s)
[382/480] d3_n16_R_fresh_s22.json 3 s (elapsed 5487 s)
[383/480] d3_n16_R_fresh_s21.json 3 s (elapsed 5487 s)
[384/480] d1_n64_R_persistent_s16.json 0 s (elapsed 5487 s)
[385/480] d1_n64_R_persistent_s17.json 0 s (elapsed 5487 s)
[386/480] d1_n64_R_persistent_s18.json 0 s (elapsed 5487 s)
[387/480] d1_n64_R_persistent_s21.json 0 s (elapsed 5487 s)
[388/480] d1_n64_R_persistent_s19.json 0 s (elapsed 5487 s)
[389/480] d1_n64_R_persistent_s20.json 0 s (elapsed 5487 s)
[390/480] d1_n64_R_persistent_s22.json 0 s (elapsed 5487 s)
[391/480] d1_n64_R_fresh_s13.json 0 s (elapsed 5488 s)
[392/480] d1_n64_R_fresh_s14.json 0 s (elapsed 5488 s)
[393/480] d1_n64_R_fresh_s15.json 0 s (elapsed 5488 s)
[394/480] d1_n64_R_fresh_s16.json 0 s (elapsed 5488 s)
[395/480] d1_n64_R_fresh_s17.json 0 s (elapsed 5488 s)
[396/480] d1_n64_R_fresh_s18.json 0 s (elapsed 5488 s)
[397/480] d1_n64_R_fresh_s19.json 0 s (elapsed 5488 s)
[398/480] d2_n16_G_persistent_s13.json 0 s (elapsed 5488 s)
[399/480] d2_n16_G_persistent_s14.json 0 s (elapsed 5488 s)
[400/480] d2_n16_G_persistent_s16.json 0 s (elapsed 5488 s)
[401/480] d2_n16_G_persistent_s15.json 0 s (elapsed 5488 s)
[402/480] d2_n16_G_persistent_s17.json 0 s (elapsed 5488 s)
[403/480] d2_n16_G_persistent_s18.json 0 s (elapsed 5488 s)
[404/480] d2_n16_G_persistent_s19.json 0 s (elapsed 5488 s)
[405/480] d1_n64_R_fresh_s20.json 0 s (elapsed 5488 s)
[406/480] d2_n16_G_persistent_s20.json 0 s (elapsed 5488 s)
[407/480] d2_n16_G_persistent_s21.json 0 s (elapsed 5488 s)
[408/480] d2_n16_G_persistent_s22.json 0 s (elapsed 5488 s)
[409/480] d1_n64_R_fresh_s21.json 0 s (elapsed 5488 s)
[410/480] d1_n64_R_fresh_s22.json 0 s (elapsed 5488 s)
[411/480] d2_n16_G_fresh_s13.json 0 s (elapsed 5488 s)
[412/480] d2_n16_G_fresh_s14.json 0 s (elapsed 5488 s)
[413/480] d2_n16_G_fresh_s15.json 0 s (elapsed 5488 s)
[414/480] d2_n16_G_fresh_s16.json 0 s (elapsed 5488 s)
[415/480] d2_n16_G_fresh_s17.json 0 s (elapsed 5488 s)
[416/480] d2_n16_G_fresh_s20.json 0 s (elapsed 5488 s)
[417/480] d2_n16_G_fresh_s18.json 0 s (elapsed 5488 s)
[418/480] d2_n16_G_fresh_s19.json 0 s (elapsed 5488 s)
[419/480] d2_n16_G_fresh_s21.json 0 s (elapsed 5488 s)
[420/480] d2_n16_G_fresh_s22.json 0 s (elapsed 5488 s)
[421/480] d2_n16_R_persistent_s13.json 0 s (elapsed 5488 s)
[422/480] d2_n16_R_persistent_s14.json 0 s (elapsed 5488 s)
[423/480] d2_n16_R_persistent_s15.json 0 s (elapsed 5488 s)
[424/480] d2_n16_R_persistent_s16.json 0 s (elapsed 5489 s)
[425/480] d2_n16_R_persistent_s17.json 0 s (elapsed 5489 s)
[426/480] d2_n16_R_persistent_s18.json 0 s (elapsed 5489 s)
[427/480] d2_n16_R_persistent_s19.json 0 s (elapsed 5489 s)
[428/480] d2_n16_R_persistent_s20.json 0 s (elapsed 5489 s)
[429/480] d2_n16_R_persistent_s21.json 0 s (elapsed 5489 s)
[430/480] d2_n16_R_persistent_s22.json 0 s (elapsed 5489 s)
[431/480] d2_n16_R_fresh_s13.json 0 s (elapsed 5489 s)
[432/480] d2_n16_R_fresh_s14.json 0 s (elapsed 5489 s)
[433/480] d2_n16_R_fresh_s15.json 0 s (elapsed 5489 s)
[434/480] d2_n16_R_fresh_s16.json 0 s (elapsed 5489 s)
[435/480] d2_n16_R_fresh_s17.json 0 s (elapsed 5489 s)
[436/480] d2_n16_R_fresh_s18.json 0 s (elapsed 5489 s)
[437/480] d3_n8_G_persistent_s13.json 0 s (elapsed 5489 s)
[438/480] d3_n8_G_persistent_s14.json 0 s (elapsed 5489 s)
[439/480] d2_n16_R_fresh_s19.json 0 s (elapsed 5489 s)
[440/480] d3_n8_G_persistent_s15.json 0 s (elapsed 5489 s)
[441/480] d3_n8_G_persistent_s16.json 0 s (elapsed 5489 s)
[442/480] d2_n16_R_fresh_s20.json 0 s (elapsed 5489 s)
[443/480] d3_n8_G_persistent_s17.json 0 s (elapsed 5489 s)
[444/480] d2_n16_R_fresh_s22.json 0 s (elapsed 5489 s)
[445/480] d2_n16_R_fresh_s21.json 0 s (elapsed 5489 s)
[446/480] d3_n8_G_persistent_s18.json 0 s (elapsed 5489 s)
[447/480] d3_n8_G_persistent_s19.json 0 s (elapsed 5489 s)
[448/480] d3_n8_G_persistent_s20.json 0 s (elapsed 5489 s)
[449/480] d3_n8_G_persistent_s21.json 0 s (elapsed 5489 s)
[450/480] d3_n8_G_persistent_s22.json 0 s (elapsed 5489 s)
[451/480] d3_n8_G_fresh_s13.json 0 s (elapsed 5489 s)
[452/480] d3_n8_G_fresh_s14.json 0 s (elapsed 5489 s)
[453/480] d3_n8_G_fresh_s15.json 0 s (elapsed 5489 s)
[454/480] d3_n8_G_fresh_s17.json 0 s (elapsed 5489 s)
[455/480] d3_n8_G_fresh_s16.json 0 s (elapsed 5489 s)
[456/480] d3_n8_G_fresh_s18.json 0 s (elapsed 5489 s)
[457/480] d3_n8_G_fresh_s20.json 0 s (elapsed 5489 s)
[458/480] d3_n8_G_fresh_s19.json 0 s (elapsed 5489 s)
[459/480] d3_n8_G_fresh_s21.json 0 s (elapsed 5489 s)
[460/480] d3_n8_G_fresh_s22.json 0 s (elapsed 5489 s)
[461/480] d3_n8_R_persistent_s13.json 0 s (elapsed 5489 s)
[462/480] d3_n8_R_persistent_s14.json 0 s (elapsed 5489 s)
[463/480] d3_n8_R_persistent_s15.json 0 s (elapsed 5489 s)
[464/480] d3_n8_R_persistent_s16.json 0 s (elapsed 5489 s)
[465/480] d3_n8_R_persistent_s17.json 0 s (elapsed 5489 s)
[466/480] d3_n8_R_persistent_s18.json 0 s (elapsed 5489 s)
[467/480] d3_n8_R_persistent_s19.json 0 s (elapsed 5489 s)
[468/480] d3_n8_R_persistent_s20.json 0 s (elapsed 5489 s)
[469/480] d3_n8_R_persistent_s21.json 0 s (elapsed 5489 s)
[470/480] d3_n8_R_persistent_s22.json 0 s (elapsed 5489 s)
[471/480] d3_n8_R_fresh_s13.json 0 s (elapsed 5489 s)
[472/480] d3_n8_R_fresh_s14.json 0 s (elapsed 5489 s)
[473/480] d3_n8_R_fresh_s15.json 0 s (elapsed 5489 s)
[474/480] d3_n8_R_fresh_s17.json 0 s (elapsed 5489 s)
[475/480] d3_n8_R_fresh_s16.json 0 s (elapsed 5489 s)
[476/480] d3_n8_R_fresh_s18.json 0 s (elapsed 5489 s)
[477/480] d3_n8_R_fresh_s19.json 0 s (elapsed 5490 s)
[478/480] d3_n8_R_fresh_s20.json 0 s (elapsed 5490 s)
[479/480] d3_n8_R_fresh_s22.json 0 s (elapsed 5490 s)
[480/480] d3_n8_R_fresh_s21.json 0 s (elapsed 5490 s)
persistent G d=1: pooled W 0.04129, 0.1068, 0.2838, 1.053 at n=(64, 128, 256, 512); pooled beta 1.543, pooled tilt ratio 3.189; median per-seed beta 1.552 (sd 0.306), median tilt ratio 3.095; within-slice tilt slope -0.046; redraws 0; max neighbour diff 0.047, max rate spread 9.4e-10 sigma, max W change 0.0000
persistent G d=2: pooled W 0.004259, 0.008795, 0.01771, 0.03582 at n=(16, 32, 64, 128); pooled beta 1.023, pooled tilt ratio 1.051; median per-seed beta 1.005 (sd 0.202), median tilt ratio 1.008; within-slice tilt slope -0.223; redraws 0; max neighbour diff 0.013, max rate spread 6.7e-10 sigma, max W change 0.0000
persistent G d=3: pooled W 0.001929, 0.002658, 0.00315, 0.003441 at n=(8, 16, 24, 32); pooled beta 0.424, pooled tilt ratio 0.446; median per-seed beta 0.435 (sd 0.071), median tilt ratio 0.461; within-slice tilt slope -0.558; redraws 0; max neighbour diff 0.008, max rate spread 8.1e-10 sigma, max W change 0.0000
persistent R d=1: pooled W 0.01219, 0.05004, 0.2358, 0.3499 at n=(64, 128, 256, 512); pooled beta 1.677, pooled tilt ratio 3.588; median per-seed beta 1.700 (sd 0.572), median tilt ratio 4.492; within-slice tilt slope 0.226; redraws 95; max neighbour diff 0.189, max rate spread 5.0e-08 sigma, max W change 0.0000
persistent R d=2: pooled W 0.004393, 0.008985, 0.01775, 0.0318 at n=(16, 32, 64, 128); pooled beta 0.955, pooled tilt ratio 0.905; median per-seed beta 0.885 (sd 0.225), median tilt ratio 0.775; within-slice tilt slope -0.195; redraws 17; max neighbour diff 0.035, max rate spread 2.3e-05 sigma, max W change 0.0015
persistent R d=3: pooled W 0.002318, 0.003377, 0.004263, 0.004878 at n=(8, 16, 24, 32); pooled beta 0.542, pooled tilt ratio 0.526; median per-seed beta 0.547 (sd 0.095), median tilt ratio 0.541; within-slice tilt slope -0.430; redraws 87; max neighbour diff 0.014, max rate spread 1.6e-05 sigma, max W change 0.0006
fresh      G d=1: pooled W 0.001634, 0.002333, 0.003107, 0.004664 at n=(64, 128, 256, 512); pooled beta 0.495, pooled tilt ratio 0.357; median per-seed beta 0.506 (sd 0.065), median tilt ratio 0.359; within-slice tilt slope -0.554; redraws 0
fresh      G d=2: pooled W 0.0007545, 0.000826, 0.0008964, 0.0009431 at n=(16, 32, 64, 128); pooled beta 0.108, pooled tilt ratio 0.156; median per-seed beta 0.107 (sd 0.007), median tilt ratio 0.156; within-slice tilt slope -0.866; redraws 0
fresh      G d=3: pooled W 0.0006478, 0.0006643, 0.0006706, 0.0006739 at n=(8, 16, 24, 32); pooled beta 0.029, pooled tilt ratio 0.260; median per-seed beta 0.029 (sd 0.006), median tilt ratio 0.260; within-slice tilt slope -0.934; redraws 0
fresh      R d=1: pooled W 0.0008626, 0.001344, 0.0022, 0.002942 at n=(64, 128, 256, 512); pooled beta 0.602, pooled tilt ratio 0.426; median per-seed beta 0.589 (sd 0.066), median tilt ratio 0.422; within-slice tilt slope -0.541; redraws 95
fresh      R d=2: pooled W 0.0007344, 0.0008197, 0.0008884, 0.0009574 at n=(16, 32, 64, 128); pooled beta 0.126, pooled tilt ratio 0.163; median per-seed beta 0.133 (sd 0.025), median tilt ratio 0.168; within-slice tilt slope -0.851; redraws 17
fresh      R d=3: pooled W 0.0006696, 0.0006894, 0.0006977, 0.0007016 at n=(8, 16, 24, 32); pooled beta 0.034, pooled tilt ratio 0.262; median per-seed beta 0.033 (sd 0.013), median tilt ratio 0.262; within-slice tilt slope -0.916; redraws 87
E1 structure and regime: AS EXPECTED
E2 grids persistent pooled exponents: AS EXPECTED
E3 random slices persistent pooled exponents: AS EXPECTED
E4 persistent pooled tilt ratios: AS EXPECTED
E5 fresh-each-tick control: AS EXPECTED
random-slice seed duplicates at the same (d, n): none
pooled exponents separate: G True, R True
EXIT: PASS: A common now needs slice dimension >= 3 without a ratio in ED's causal pattern; with commitment's fewest directions and whole numbers, three: consistent, not derived.
total wall time this session 5493 s
