calibration cal_FC_n20.json 3 s
calibration cal_FC_n24.json 7 s
calibration cal_RC_n20.json 19 s
calibration cal_RC_n24.json 32 s
calibration V=8000: FC flat 3D (d_H 2.629, d_s 3.061, diameter 15, largest link strain 6.46 -> sync threshold 9.69); RC too small to measure (d_H nan, diameter 8) -> ok
calibration V=13824: FC flat 3D (d_H 2.657, d_s 3.050, diameter 18, largest link strain 6.66 -> sync threshold 9.99); RC too small to measure (d_H nan, diameter 9) -> ok
[1/16] grow_B_n24_s0.json 4242 s (elapsed 4313 s)
[2/16] grow_B_n24_s1.json 4273 s (elapsed 4344 s)
[3/16] grow_A_n24_s0.json 4336 s (elapsed 4407 s)
[4/16] grow_D_n24_s0.json 3017 s (elapsed 7395 s)
[5/16] grow_D_n24_s1.json 3023 s (elapsed 7464 s)
[6/16] grow_A_n24_s1.json 4167 s (elapsed 8513 s)
[7/16] grow_C_n24_s0.json 3068 s (elapsed 10497 s)
[8/16] grow_C_n24_s1.json 3081 s (elapsed 10578 s)
[9/16] grow_B_n20_s0.json 2353 s (elapsed 10891 s)
[10/16] grow_B_n20_s1.json 2354 s (elapsed 12876 s)
[11/16] grow_A_n20_s0.json 2399 s (elapsed 13003 s)
[12/16] grow_A_n20_s1.json 2385 s (elapsed 13301 s)
[13/16] grow_D_n20_s0.json 1712 s (elapsed 14615 s)
[14/16] grow_D_n20_s1.json 1735 s (elapsed 14764 s)
[15/16] grow_C_n20_s0.json 1696 s (elapsed 15021 s)
[16/16] grow_C_n20_s1.json 1343 s (elapsed 15979 s)
calibration V=8000: FC flat 3D (d_H 2.629, d_s 3.061, diameter 15, largest link strain 6.46 -> sync threshold 9.69); RC too small to measure (d_H nan, diameter 8) -> ok
calibration V=13824: FC flat 3D (d_H 2.657, d_s 3.050, diameter 18, largest link strain 6.66 -> sync threshold 9.99); RC too small to measure (d_H nan, diameter 9) -> ok
A V=8000: slice too small to measure; d_H nan, d_s nan, diameter 10.5 (FC 15); SPACETIME d_H 5.977 (radii [3.0, 3.0]-[5.0, 5.0], events [249059.0, 248470.0]); settled False; links/event 5.169, tets/event 4.17, mean degree 10.34, largest 60; neck strain 15.57 (FC 6.46); late size/V0 1.001; per tick: merges 4676, splits 4676, forced 0, refused budget/cap/sync/splits 0/1398/0/0.1; flips 74
A V=13824: slice too small to measure; d_H nan, d_s nan, diameter 12.5 (FC 18); SPACETIME d_H 6.439 (radii [3.0, 3.0]-[5.0, 5.0], events [292134.0, 290450.0]); settled False; links/event 5.150, tets/event 4.15, mean degree 10.30, largest 60; neck strain 13.83 (FC 6.66); late size/V0 1.002; per tick: merges 8087, splits 8088, forced 1, refused budget/cap/sync/splits 0/2404/0/0.1; flips 128
B V=8000: slice too small to measure; d_H nan, d_s nan, diameter 13.5 (FC 15); SPACETIME d_H 5.894 (radii [3.0, 3.0]-[5.0, 5.0], events [250854.0, 250044.0]); settled False; links/event 5.121, tets/event 4.12, mean degree 10.24, largest 60; neck strain 19.62 (FC 6.46); late size/V0 1.009; per tick: merges 4671, splits 4671, forced 41, refused budget/cap/sync/splits 0/1564/772/0.1; flips 76
B V=13824: slice too small to measure; d_H nan, d_s nan, diameter 15.0 (FC 18); SPACETIME d_H 6.329 (radii [3.0, 3.0]-[5.0, 5.0], events [292462.0, 292695.0]); settled False; links/event 5.118, tets/event 4.12, mean degree 10.24, largest 60; neck strain 17.59 (FC 6.66); late size/V0 1.008; per tick: merges 8064, splits 8068, forced 76, refused budget/cap/sync/splits 0/2613/1403/0.3; flips 126
C V=8000: slice too small to measure; d_H nan, d_s nan, diameter 8.5 (FC 15); SPACETIME d_H 5.507 (radii [2.0, 2.0]-[4.0, 4.0], events [232272.0, 231742.0]); settled False; links/event 7.015, tets/event 6.01, mean degree 14.03, largest 60; neck strain 11.13 (FC 6.46); late size/V0 0.941; per tick: merges 4411, splits 4409, forced 13, refused budget/cap/sync/splits 3/18316/13/117.8; flips 1452
C V=13824: slice too small to measure; d_H nan, d_s nan, diameter 10.5 (FC 18); SPACETIME d_H 5.753 (radii [2.0, 2.0]-[4.0, 4.0], events [274076.0, 270238.0]); settled False; links/event 7.131, tets/event 6.13, mean degree 14.26, largest 60; neck strain 10.49 (FC 6.66); late size/V0 0.942; per tick: merges 7620, splits 7613, forced 23, refused budget/cap/sync/splits 24/32289/23/208.0; flips 2511
D V=8000: slice too small to measure; d_H nan, d_s nan, diameter 9.0 (FC 15); SPACETIME d_H 5.518 (radii [2.0, 2.0]-[4.0, 4.0], events [233533.0, 232691.0]); settled False; links/event 7.026, tets/event 6.03, mean degree 14.05, largest 60; neck strain 8.92 (FC 6.46); late size/V0 0.942; per tick: merges 4405, splits 4402, forced 13, refused budget/cap/sync/splits 19/18588/0/121.5; flips 1443
D V=13824: slice too small to measure; d_H nan, d_s nan, diameter 10.5 (FC 18); SPACETIME d_H 5.795 (radii [2.0, 2.0]-[4.0, 4.0], events [271129.0, 271727.0]); settled False; links/event 7.150, tets/event 6.15, mean degree 14.30, largest 60; neck strain 10.69 (FC 6.66); late size/V0 0.940; per tick: merges 7596, splits 7589, forced 22, refused budget/cap/sync/splits 25/32560/0/211.1; flips 2493
sync refusals per tick in B and C: [13.0, 13.1, 16.7, 28.4, 752.1, 791.2, 1317.6, 1489.0]
E0 calibration gate: AS EXPECTED
E1 structure, budgets, ceiling, flips, size (A and D): AS EXPECTED
E2 B and C hold their event counts: AS EXPECTED
E3 B's spacetime in [3.3, 4.7]: NOT AS EXPECTED
E4 D's spacetime not in range: AS EXPECTED
E5 every setting measurable: NOT AS EXPECTED
E6 the sync condition fires: AS EXPECTED
EXIT: Too small to measure at these sizes for A V=8000, A V=13824, B V=8000, B V=13824, C V=8000, C V=13824, D V=8000, D V=13824.
total wall time this session 15979 s
