ED far 2000 {'d_H': nan, 'beta': nan, 'md': 5.80894, 'per_event': 3.559, 'deg_max': 15, 'holds_full': True, 'small_world': True} 36s
ED far 4000 {'d_H': 4.028664891016459, 'beta': 0.9272431539782982, 'md': 6.102315, 'per_event': 3.7395, 'deg_max': 22, 'holds_full': True, 'small_world': True} 96s
ED far 8000 {'d_H': 4.216825566082015, 'beta': 0.9554033521132111, 'md': 6.53551, 'per_event': 3.79175, 'deg_max': 20, 'holds_full': True, 'small_world': True} 277s
ED near 2000 {'d_H': nan, 'beta': nan, 'md': 5.93162, 'per_event': 3.528, 'deg_max': 15, 'holds_full': True, 'small_world': True} 21s
ED near 4000 {'d_H': 3.974055402956243, 'beta': 0.9415730086002845, 'md': 6.00696, 'per_event': 3.841, 'deg_max': 17, 'holds_full': True, 'small_world': True} 64s
ED near 8000 {'d_H': 4.164645639908628, 'beta': 0.981525565551262, 'md': 6.5777325, 'per_event': 3.76775, 'deg_max': 18, 'holds_full': True, 'small_world': True} 66s
ring 2000 {'d_H': 0.9929562331422047, 'beta': 5.372209992573781e-17, 'md': 500.0, 'per_event': 2.0}
ring 4000 {'d_H': 0.9964783514920375, 'beta': -1.0875775392866013e-16, 'md': 1000.0, 'per_event': 2.0}
ring 8000 {'d_H': 0.9982392553338016, 'beta': -8.032026729721061e-18, 'md': 2000.0, 'per_event': 2.0}
torus2 2025 {'d_H': 1.8504772529465567, 'beta': 0.5024997578512481, 'md': 22.488888888888887, 'per_event': 4.0}
torus2 3969 {'d_H': 1.8946838502374168, 'beta': 0.5012852657656964, 'md': 31.49206349206349, 'per_event': 4.0}
torus2 7921 {'d_H': 1.927167381400246, 'beta': 0.5006324264394606, 'md': 44.49438202247191, 'per_event': 4.0}
torus3 2197 {'d_H': 2.3616038599526328, 'beta': 0.7003359501041168, 'md': 9.692307692307692, 'per_event': 6.0}
torus3 4096 {'d_H': 2.5794720081862312, 'beta': 0.6840624989425197, 'md': 12.0, 'per_event': 6.0}
torus3 8000 {'d_H': 2.6698515507887226, 'beta': 0.6783611148717988, 'md': 15.0, 'per_event': 6.0}
web 2000 {'d_H': nan, 'beta': nan, 'md': 4.60588, 'per_event': 6.0}
web 4000 {'d_H': nan, 'beta': nan, 'md': 5.04303, 'per_event': 6.0}
web 8000 {'d_H': nan, 'beta': nan, 'md': 5.470725, 'per_event': 6.0}
ed_far_2000    n   2000 | d_H nan beta nan | md 5.81 | relations per event 3.56 (max 15) | small world True | holds at K0 True (spread 0.0000)
ed_far_4000    n   4000 | d_H 4.029 beta 0.927 | md 6.10 | relations per event 3.74 (max 22) | small world True | holds at K0 True (spread 0.0000)
ed_far_8000    n   8000 | d_H 4.217 beta 0.955 | md 6.54 | relations per event 3.79 (max 20) | small world True | holds at K0 True (spread 0.0000)
ed_near_2000   n   2000 | d_H nan beta nan | md 5.93 | relations per event 3.53 (max 15) | small world True | holds at K0 True (spread 0.0000)
ed_near_4000   n   4000 | d_H 3.974 beta 0.942 | md 6.01 | relations per event 3.84 (max 17) | small world True | holds at K0 True (spread 0.0000)
ed_near_8000   n   8000 | d_H 4.165 beta 0.982 | md 6.58 | relations per event 3.77 (max 18) | small world True | holds at K0 True (spread 0.0000)
ring_2000      n   2000 | d_H 0.993 beta 0.0 | md 500.00 | relations per event 2.00 (max 2) | small world False
ring_4000      n   4000 | d_H 0.996 beta -0.0 | md 1000.00 | relations per event 2.00 (max 2) | small world False
ring_8000      n   8000 | d_H 0.998 beta -0.0 | md 2000.00 | relations per event 2.00 (max 2) | small world False
torus2_2025    n   2025 | d_H 1.85 beta 0.502 | md 22.49 | relations per event 4.00 (max 4) | small world False
torus2_3969    n   3969 | d_H 1.895 beta 0.501 | md 31.49 | relations per event 4.00 (max 4) | small world False
torus2_7921    n   7921 | d_H 1.927 beta 0.501 | md 44.49 | relations per event 4.00 (max 4) | small world False
torus3_2197    n   2197 | d_H 2.362 beta 0.7 | md 9.69 | relations per event 6.00 (max 6) | small world True
torus3_4096    n   4096 | d_H 2.579 beta 0.684 | md 12.00 | relations per event 6.00 (max 6) | small world False
torus3_8000    n   8000 | d_H 2.67 beta 0.678 | md 15.00 | relations per event 6.00 (max 6) | small world False
web_2000       n   2000 | d_H nan beta nan | md 4.61 | relations per event 6.00 (max 6) | small world True
web_4000       n   4000 | d_H nan beta nan | md 5.04 | relations per event 6.00 (max 6) | small world True
web_8000       n   8000 | d_H nan beta nan | md 5.47 | relations per event 6.00 (max 6) | small world True
[far] N1 (patterns hold together) True | N2 (ball growth 2.5-3.5 at two sizes) False | N3 relations per event [3.56, 3.74, 3.79]
[near] N1 (patterns hold together) True | N2 (ball growth 2.5-3.5 at two sizes) False | N3 relations per event [3.53, 3.84, 3.77]
