descent m=1 near 2000 {'d_H': nan, 'beta': nan, 'md': 5.48683, 'per_event': 4.621, 'deg_max': 54, 'holds_full': True, 'small_world': True} 22s
descent m=1 near 4000 {'d_H': nan, 'beta': nan, 'md': 5.796945, 'per_event': 4.6985, 'deg_max': 60, 'holds_full': True, 'small_world': True} 55s
descent m=1 near 8000 {'d_H': 4.416534374510781, 'beta': 0.9134174078173227, 'md': 6.134965, 'per_event': 4.7605, 'deg_max': 60, 'holds_full': True, 'small_world': True} 104s
descent m=2 near 2000 {'d_H': nan, 'beta': nan, 'md': 4.78888, 'per_event': 6.239, 'deg_max': 60, 'holds_full': True, 'small_world': True} 21s
descent m=2 near 4000 {'d_H': nan, 'beta': nan, 'md': 5.260825, 'per_event': 6.23, 'deg_max': 60, 'holds_full': True, 'small_world': True} 46s
descent m=2 near 8000 {'d_H': nan, 'beta': nan, 'md': 5.5570325, 'per_event': 6.29775, 'deg_max': 60, 'holds_full': True, 'small_world': True} 88s
descent m=1 far 2000 {'d_H': nan, 'beta': nan, 'md': 5.20847, 'per_event': 4.687, 'deg_max': 44, 'holds_full': True, 'small_world': True} 57s
descent m=1 far 4000 {'d_H': nan, 'beta': nan, 'md': 5.668345, 'per_event': 4.69, 'deg_max': 60, 'holds_full': True, 'small_world': True} 82s
descent m=1 far 8000 {'d_H': 4.329026622090089, 'beta': 0.9148030500122968, 'md': 6.1895225, 'per_event': 4.71325, 'deg_max': 51, 'holds_full': True, 'small_world': True} 68s
d1_near_2000   n   2000 | d_H nan beta nan | md 5.49 | relations per event 4.62 (max 54) | small world True | holds True
d1_near_4000   n   4000 | d_H nan beta nan | md 5.80 | relations per event 4.70 (max 60) | small world True | holds True
d1_near_8000   n   8000 | d_H 4.417 beta 0.913 | md 6.13 | relations per event 4.76 (max 60) | small world True | holds True
d2_near_2000   n   2000 | d_H nan beta nan | md 4.79 | relations per event 6.24 (max 60) | small world True | holds True
d2_near_4000   n   4000 | d_H nan beta nan | md 5.26 | relations per event 6.23 (max 60) | small world True | holds True
d2_near_8000   n   8000 | d_H nan beta nan | md 5.56 | relations per event 6.30 (max 60) | small world True | holds True
d1_far_2000    n   2000 | d_H nan beta nan | md 5.21 | relations per event 4.69 (max 44) | small world True | holds True
d1_far_4000    n   4000 | d_H nan beta nan | md 5.67 | relations per event 4.69 (max 60) | small world True | holds True
d1_far_8000    n   8000 | d_H 4.329 beta 0.915 | md 6.19 | relations per event 4.71 (max 51) | small world True | holds True
[d1_near] N4 hold True | N5 shape has a size (md slope 0.081, defined 1, small world [True, True, True]) False | N6 ball growth 2.5-3.5 False | N7 relations per event [4.62, 4.7, 4.76]
[d2_near] N4 hold True | N5 shape has a size (md slope 0.107, defined 0, small world [True, True, True]) False | N6 ball growth 2.5-3.5 False | N7 relations per event [6.24, 6.23, 6.3]
[d1_far] N4 hold True | N5 shape has a size (md slope 0.124, defined 1, small world [True, True, True]) False | N6 ball growth 2.5-3.5 False | N7 relations per event [4.69, 4.69, 4.71]
