Traceback (most recent call last):
  File "<string>", line 1, in <module>
  File "C:\Users\allen\AppData\Local\Programs\Python\Python312\Lib\multiprocessing\spawn.py", line 108, in spawn_main
    source_process = _winapi.OpenProcess(
                     ^^^^^^^^^^^^^^^^^^^^
OSError: [WinError 87] The parameter is incorrect
Traceback (most recent call last):
  File "<string>", line 1, in <module>
  File "C:\Users\allen\AppData\Local\Programs\Python\Python312\Lib\multiprocessing\spawn.py", line 108, in spawn_main
    source_process = _winapi.OpenProcess(
                     ^^^^^^^^^^^^^^^^^^^^
OSError: [WinError 87] The parameter is incorrect
Traceback (most recent call last):
  File "<string>", line 1, in <module>
  File "C:\Users\allen\AppData\Local\Programs\Python\Python312\Lib\multiprocessing\spawn.py", line 108, in spawn_main
    source_process = _winapi.OpenProcess(
                     ^^^^^^^^^^^^^^^^^^^^
OSError: [WinError 87] The parameter is incorrect
Traceback (most recent call last):
  File "<string>", line 1, in <module>
  File "C:\Users\allen\AppData\Local\Programs\Python\Python312\Lib\multiprocessing\spawn.py", line 108, in spawn_main
    source_process = _winapi.OpenProcess(
                     ^^^^^^^^^^^^^^^^^^^^
OSError: [WinError 87] The parameter is incorrect
