{
  "which": "constrained",
  "total_s": 25.068107300030533,
  "growth_s": 8.454155500046909,
  "rest_s": 16.61326230003033,
  "growth_ticks": 9961,
  "rest_ticks": 20000,
  "loci": 1000,
  "relations": 1000,
  "mean_degree": 2.0,
  "stalled": false,
  "timers": {
    "clock": 2.6656235039117746,
    "moves": 22.280664996476844,
    "curvature": 40.62114621052751,
    "connect": 0.015075898612849414
  },
  "counts": {
    "births": 997,
    "birth_fail": 0,
    "pull_prop": 29912,
    "pull_acc": 0,
    "rew_att": 29961,
    "rew_cand": 29961,
    "rew_acc": 3138,
    "lp": 11108
  }
}
constrained, largest size 16000: central 1.7 core-h, scan 11.9 core-h; subtotal 13.6 core-h
constrained, largest size 8000: central 0.7 core-h, scan 11.9 core-h; subtotal 12.6 core-h
constrained, largest size 4000: central 0.4 core-h, scan 11.9 core-h; subtotal 12.3 core-h
constrained: one run at 4,000 estimated 2.2 min; at 16,000 0.29 h
exit 0
