{
  "total_s": 227.9817522999947,
  "growth_s": 227.9809015999781,
  "rest_s": 0.0,
  "growth_ticks": 192941,
  "rest_ticks": 0,
  "loci": 50,
  "relations": 263,
  "stalled": true,
  "timers": {
    "clock": 11.217424317612313,
    "moves": 216.13854649727,
    "curvature": 226.97697339917067,
    "connect": 0.5713683943613432
  },
  "counts": {
    "births": 47,
    "birth_fail": 19248,
    "pull_prop": 678,
    "pull_acc": 166,
    "rew_att": 192941,
    "rew_cand": 192939,
    "rew_acc": 25247,
    "lp": 11205
  }
}
largest size 16000: central 10.8 h, central control 4.2 h, scan 94.8 h, scan control 13.1 h; total 122.8 core-hours = 15.4 wall-clock hours on 8 cores
largest size 8000: central 5.2 h, central control 1.1 h, scan 94.8 h, scan control 13.1 h; total 114.3 core-hours = 14.3 wall-clock hours on 8 cores
largest size 4000: central 3.2 h, central control 0.4 h, scan 94.8 h, scan control 13.1 h; total 111.5 core-hours = 13.9 wall-clock hours on 8 cores
budget 24 h: halving rule gives largest size 16000
budget 72 h: halving rule gives largest size 16000
budget 168 h: halving rule gives largest size 16000
one run at 4,000 (constrained) estimated 17.6 min; at 16,000 1.80 h
exit 0
