ring   seed 1 filter True  | n  2000 ->  8120 | d_H 0.993 -> 4.208 (same shape at that size: 0.998) | kept False survives False destroyed False | relations/event 2.0 -> 6.21 | repairs 7019 | 201s
ring   seed 2 filter True  | n  2000 ->  8473 | d_H 0.993 -> 4.145 (same shape at that size: 0.998) | kept False survives False destroyed False | relations/event 2.0 -> 6.11 | repairs 6846 | 224s
ring   seed 3 filter True  | n  2000 ->  8362 | d_H 0.993 -> 4.202 (same shape at that size: 0.998) | kept False survives False destroyed False | relations/event 2.0 -> 6.2 | repairs 7386 | 217s
grid2D seed 1 filter True  | n  2025 ->  8481 | d_H 1.85 -> 4.014 (same shape at that size: 1.929) | kept False survives False destroyed False | relations/event 4.0 -> 6.29 | repairs 4681 | 194s
grid2D seed 2 filter True  | n  2025 ->  8432 | d_H 1.85 -> 4.027 (same shape at that size: 1.929) | kept False survives False destroyed False | relations/event 4.0 -> 6.21 | repairs 4571 | 208s
grid2D seed 3 filter True  | n  2025 ->  8491 | d_H 1.85 -> 4.092 (same shape at that size: 1.929) | kept False survives False destroyed False | relations/event 4.0 -> 6.42 | repairs 4914 | 226s
grid3D seed 1 filter True  | n  2197 ->  9002 | d_H 2.362 -> 3.818 (same shape at that size: 2.691) | kept False survives False destroyed False | relations/event 6.0 -> 6.83 | repairs 2125 | 215s
grid3D seed 2 filter True  | n  2197 ->  9081 | d_H 2.362 -> 3.757 (same shape at that size: 2.691) | kept False survives False destroyed False | relations/event 6.0 -> 6.81 | repairs 2110 | 208s
grid3D seed 3 filter True  | n  2197 ->  9422 | d_H 2.362 -> 3.83 (same shape at that size: 2.691) | kept False survives False destroyed False | relations/event 6.0 -> 6.99 | repairs 2562 | 250s
web    seed 1 filter True  | n  2000 ->  8205 | d_H None -> 4.233 (same shape at that size: None) | kept False survives False destroyed False | relations/event 6.0 -> 6.73 | repairs 1884 | 181s
web    seed 2 filter True  | n  2000 ->  8415 | d_H None -> 4.341 (same shape at that size: None) | kept False survives False destroyed False | relations/event 6.0 -> 6.85 | repairs 2298 | 210s
web    seed 3 filter True  | n  2000 ->  8184 | d_H None -> 4.23 (same shape at that size: None) | kept False survives False destroyed False | relations/event 6.0 -> 6.73 | repairs 1981 | 180s
ring   seed 1 filter False | n  2000 ->  8298 | d_H 0.993 -> 1.009 (same shape at that size: 0.998) | kept True survives True destroyed False | relations/event 2.0 -> 2.0 | repairs 0 | 4s
ring   seed 2 filter False | n  2000 ->  8587 | d_H 0.993 -> 0.994 (same shape at that size: 0.998) | kept True survives True destroyed False | relations/event 2.0 -> 2.0 | repairs 0 | 4s
ring   seed 3 filter False | n  2000 ->  8521 | d_H 0.993 -> 1.014 (same shape at that size: 0.998) | kept True survives True destroyed False | relations/event 2.0 -> 2.0 | repairs 0 | 4s
grid2D seed 1 filter False | n  2025 ->  8587 | d_H 1.85 -> 2.275 (same shape at that size: 1.929) | kept False survives False destroyed False | relations/event 4.0 -> 4.0 | repairs 0 | 10s
grid2D seed 2 filter False | n  2025 ->  8505 | d_H 1.85 -> 2.304 (same shape at that size: 1.929) | kept False survives False destroyed False | relations/event 4.0 -> 4.0 | repairs 0 | 10s
grid2D seed 3 filter False | n  2025 ->  8739 | d_H 1.85 -> 2.264 (same shape at that size: 1.929) | kept False survives False destroyed False | relations/event 4.0 -> 4.0 | repairs 0 | 10s
grid3D seed 1 filter False | n  2197 ->  9200 | d_H 2.362 -> 3.198 (same shape at that size: 2.691) | kept False survives False destroyed False | relations/event 6.0 -> 6.0 | repairs 0 | 16s
grid3D seed 2 filter False | n  2197 ->  9088 | d_H 2.362 -> 3.245 (same shape at that size: 2.691) | kept False survives False destroyed False | relations/event 6.0 -> 6.0 | repairs 0 | 15s
grid3D seed 3 filter False | n  2197 ->  9475 | d_H 2.362 -> 3.249 (same shape at that size: 2.691) | kept False survives False destroyed False | relations/event 6.0 -> 6.0 | repairs 0 | 15s
web    seed 1 filter False | n  2000 ->  8358 | d_H None -> 3.911 (same shape at that size: None) | kept False survives False destroyed False | relations/event 6.0 -> 6.0 | repairs 0 | 17s
web    seed 2 filter False | n  2000 ->  8457 | d_H None -> 3.895 (same shape at that size: None) | kept False survives False destroyed False | relations/event 6.0 -> 6.0 | repairs 0 | 15s
web    seed 3 filter False | n  2000 ->  8195 | d_H None -> 3.924 (same shape at that size: None) | kept False survives False destroyed False | relations/event 6.0 -> 6.0 | repairs 0 | 14s
ring   seed 1 filter True  | n  2000 ->  8120 | d_H 0.993 -> 4.208 (same shape at that size 0.998) | md 500.0 -> 5.8 | small world False -> True | relations/event 2.00 -> 6.21 | kept False | survives False | destroyed False | repairs 7019
ring   seed 2 filter True  | n  2000 ->  8473 | d_H 0.993 -> 4.145 (same shape at that size 0.998) | md 500.0 -> 5.9 | small world False -> True | relations/event 2.00 -> 6.11 | kept False | survives False | destroyed False | repairs 6846
ring   seed 3 filter True  | n  2000 ->  8362 | d_H 0.993 -> 4.202 (same shape at that size 0.998) | md 500.0 -> 5.9 | small world False -> True | relations/event 2.00 -> 6.20 | kept False | survives False | destroyed False | repairs 7386
grid2D seed 1 filter True  | n  2025 ->  8481 | d_H 1.85 -> 4.014 (same shape at that size 1.929) | md 22.5 -> 6.0 | small world False -> True | relations/event 4.00 -> 6.29 | kept False | survives False | destroyed False | repairs 4681
grid2D seed 2 filter True  | n  2025 ->  8432 | d_H 1.85 -> 4.027 (same shape at that size 1.929) | md 22.5 -> 6.1 | small world False -> True | relations/event 4.00 -> 6.21 | kept False | survives False | destroyed False | repairs 4571
grid2D seed 3 filter True  | n  2025 ->  8491 | d_H 1.85 -> 4.092 (same shape at that size 1.929) | md 22.5 -> 6.0 | small world False -> True | relations/event 4.00 -> 6.42 | kept False | survives False | destroyed False | repairs 4914
grid3D seed 1 filter True  | n  2197 ->  9002 | d_H 2.362 -> 3.818 (same shape at that size 2.691) | md 9.7 -> 6.3 | small world True -> True | relations/event 6.00 -> 6.83 | kept False | survives False | destroyed False | repairs 2125
grid3D seed 2 filter True  | n  2197 ->  9081 | d_H 2.362 -> 3.757 (same shape at that size 2.691) | md 9.7 -> 6.4 | small world True -> True | relations/event 6.00 -> 6.81 | kept False | survives False | destroyed False | repairs 2110
grid3D seed 3 filter True  | n  2197 ->  9422 | d_H 2.362 -> 3.83 (same shape at that size 2.691) | md 9.7 -> 6.2 | small world True -> True | relations/event 6.00 -> 6.99 | kept False | survives False | destroyed False | repairs 2562
web    seed 1 filter True  | n  2000 ->  8205 | d_H None -> 4.233 (same shape at that size None) | md 4.6 -> 5.7 | small world True -> True | relations/event 6.00 -> 6.73 | kept False | survives False | destroyed False | repairs 1884
web    seed 2 filter True  | n  2000 ->  8415 | d_H None -> 4.341 (same shape at that size None) | md 4.6 -> 5.7 | small world True -> True | relations/event 6.00 -> 6.85 | kept False | survives False | destroyed False | repairs 2298
web    seed 3 filter True  | n  2000 ->  8184 | d_H None -> 4.23 (same shape at that size None) | md 4.6 -> 5.8 | small world True -> True | relations/event 6.00 -> 6.73 | kept False | survives False | destroyed False | repairs 1981
ring   seed 1 filter False | n  2000 ->  8298 | d_H 0.993 -> 1.009 (same shape at that size 0.998) | md 500.0 -> 1039.0 | small world False -> False | relations/event 2.00 -> 2.00 | kept True | survives True | destroyed False | repairs 0
ring   seed 2 filter False | n  2000 ->  8587 | d_H 0.993 -> 0.994 (same shape at that size 0.998) | md 500.0 -> 1060.9 | small world False -> False | relations/event 2.00 -> 2.00 | kept True | survives True | destroyed False | repairs 0
ring   seed 3 filter False | n  2000 ->  8521 | d_H 0.993 -> 1.014 (same shape at that size 0.998) | md 500.0 -> 1066.4 | small world False -> False | relations/event 2.00 -> 2.00 | kept True | survives True | destroyed False | repairs 0
grid2D seed 1 filter False | n  2025 ->  8587 | d_H 1.85 -> 2.275 (same shape at that size 1.929) | md 22.5 -> 25.2 | small world False -> False | relations/event 4.00 -> 4.00 | kept False | survives False | destroyed False | repairs 0
grid2D seed 2 filter False | n  2025 ->  8505 | d_H 1.85 -> 2.304 (same shape at that size 1.929) | md 22.5 -> 25.3 | small world False -> False | relations/event 4.00 -> 4.00 | kept False | survives False | destroyed False | repairs 0
grid2D seed 3 filter False | n  2025 ->  8739 | d_H 1.85 -> 2.264 (same shape at that size 1.929) | md 22.5 -> 25.0 | small world False -> False | relations/event 4.00 -> 4.00 | kept False | survives False | destroyed False | repairs 0
grid3D seed 1 filter False | n  2197 ->  9200 | d_H 2.362 -> 3.198 (same shape at that size 2.691) | md 9.7 -> 10.7 | small world True -> False | relations/event 6.00 -> 6.00 | kept False | survives False | destroyed False | repairs 0
grid3D seed 2 filter False | n  2197 ->  9088 | d_H 2.362 -> 3.245 (same shape at that size 2.691) | md 9.7 -> 10.6 | small world True -> False | relations/event 6.00 -> 6.00 | kept False | survives False | destroyed False | repairs 0
grid3D seed 3 filter False | n  2197 ->  9475 | d_H 2.362 -> 3.249 (same shape at that size 2.691) | md 9.7 -> 10.6 | small world True -> False | relations/event 6.00 -> 6.00 | kept False | survives False | destroyed False | repairs 0
web    seed 1 filter False | n  2000 ->  8358 | d_H None -> 3.911 (same shape at that size None) | md 4.6 -> 6.4 | small world True -> True | relations/event 6.00 -> 6.00 | kept False | survives False | destroyed False | repairs 0
web    seed 2 filter False | n  2000 ->  8457 | d_H None -> 3.895 (same shape at that size None) | md 4.6 -> 6.3 | small world True -> True | relations/event 6.00 -> 6.00 | kept False | survives False | destroyed False | repairs 0
web    seed 3 filter False | n  2000 ->  8195 | d_H None -> 3.924 (same shape at that size None) | md 4.6 -> 6.5 | small world True -> True | relations/event 6.00 -> 6.00 | kept False | survives False | destroyed False | repairs 0
P0 (3D grid and web hold at every generation) True
P1 (line and flat grid do NOT survive as themselves) True  ** VOID: they do not survive with the filter OFF either **
P2 (3D grid survives within 0.3) False
P3 relations per event, filter on: {'ring': 6.17, 'grid2D': 6.31, 'grid3D': 6.88, 'web': 6.77}
P4 (control: all four keep their shapes with the filter off) False
