R0 True [{'slice': 'flat', 'splits_applied': 6000, 'bad': 0, 'restore_bad': 0, 'merges': 200, 'merges_missing': 0}, {'slice': 'grown', 'splits_applied': 4024, 'bad': 0, 'restore_bad': 0, 'merges': 200, 'merges_missing': 0}]
R1 True (25 vertices) [(6, 108, 108), (6, 108, 108), (8, 632, 632), (6, 126, 126), (5, 44, 44), (6, 108, 108), (8, 726, 726), (7, 238, 238), (4, 14, 14), (7, 302, 302), (6, 126, 126), (7, 302, 302), (5, 44, 44), (7, 282, 282), (6, 126, 126), (10, 3340, 3340), (9, 1192, 1192), (4, 14, 14), (7, 302, 302), (8, 726, 726), (8, 502, 502), (10, 3340, 3340), (4, 14, 14), (10, 3002, 3002), (8, 726, 726)]
R2 True [(18, 3830, 3792, -0.26), (19, 596762, 632112, 0.83), (19, 441530, 411851, -1.09), (18, 874, 894, 0.87), (19, 696908, 697711, 0.02), (20, 1149046, 1242427, 1.05), (21, 432920, 405783, -0.75), (18, 504944, 448376, -2.01), (22, 4654, 5097, 0.69), (23, 4444152, 3984455, -0.83), (20, 2325796, 2618959, 1.04), (21, 746886, 802826, 0.72)]
  3D_FL_s0.json 152 s (elapsed 0.04 h)
  3D_FREF2_s0.json 259 s (elapsed 0.07 h)
  3D_F1_s0.json 473 s (elapsed 0.13 h)
  3D_F1_s1.json 486 s (elapsed 0.14 h)
  3D_W1_s1.json 957 s (elapsed 0.27 h)
  3D_W1_s0.json 959 s (elapsed 0.27 h)
R0 True [{'slice': 'flat', 'splits_applied': 6000, 'bad': 0, 'restore_bad': 0, 'merges': 200, 'merges_missing': 0}, {'slice': 'grown', 'splits_applied': 4024, 'bad': 0, 'restore_bad': 0, 'merges': 200, 'merges_missing': 0}]
R1 True (25 vertices) [(6, 108, 108), (6, 108, 108), (8, 632, 632), (6, 126, 126), (5, 44, 44), (6, 108, 108), (8, 726, 726), (7, 238, 238), (4, 14, 14), (7, 302, 302), (6, 126, 126), (7, 302, 302), (5, 44, 44), (7, 282, 282), (6, 126, 126), (10, 3340, 3340), (9, 1192, 1192), (4, 14, 14), (7, 302, 302), (8, 726, 726), (8, 502, 502), (10, 3340, 3340), (4, 14, 14), (10, 3002, 3002), (8, 726, 726)]
R2 True [(18, 3830, 3792, -0.26), (19, 596762, 632112, 0.83), (19, 441530, 411851, -1.09), (18, 874, 894, 0.87), (19, 696908, 697711, 0.02), (20, 1149046, 1242427, 1.05), (21, 432920, 405783, -0.75), (18, 504944, 448376, -2.01), (22, 4654, 5097, 0.69), (23, 4444152, 3984455, -0.83), (20, 2325796, 2618959, 1.04), (21, 746886, 802826, 0.72)]
FREF2 s0 V 16280 s 1.54194 floor 0.99981 err 0.00000 | ln(split) mean 11.05 max 15.05 | exact 1.00 relse_max 0.000 | deg 13.40 sd 3.19 max 18 | md 11.594 | ok True
FL    s0 V 13824 s 1.47500 floor 1.01140 err 0.00000 | ln(split) mean 11.51 max 11.51 | exact 1.00 relse_max 0.000 | deg 14.00 sd 0.00 max 14 | md 11.491 | ok True
F1    s0 V 11453 s 3.39330 floor 1.02694 err 0.09108 | ln(split) mean 10.56 max 44.36 | exact 0.78 relse_max 1.000 | deg 16.17 sd 16.59 max 60 | md 4.504 | ok True
F1    s1 V 11554 s 3.36172 floor 1.02284 err 0.08840 | ln(split) mean 10.36 max 45.05 | exact 0.79 relse_max 1.000 | deg 16.03 sd 16.55 max 60 | md 4.514 | ok True
W1    s0 V 11301 s 3.00239 floor 0.98359 err 0.08344 | ln(split) mean 9.07 max 42.34 | exact 0.80 relse_max 1.000 | deg 16.39 sd 17.89 max 60 | md 4.388 | ok True
W1    s1 V 11500 s 2.87259 floor 0.97779 err 0.07718 | ln(split) mean 8.71 max 41.15 | exact 0.81 relse_max 1.000 | deg 16.04 sd 17.61 max 60 | md 4.425 | ok True
seed spread 0.12980, max est err 0.09108, margin 0.44176
grown - FREF2: F1_s0 +1.85136 (floor -0.51500), F1_s1 +1.81978 (floor -0.51910), W1_s0 +1.46045 (floor -0.55835), W1_s1 +1.33065 (floor -0.56416)
VERDICT: with general splits, counting leans toward crowded slices at one tick -> take stock of road S.
