[1/144] d2_n128_G_persistent_s0.json 339 s (elapsed 341 s)
[2/144] d2_n128_G_persistent_s2.json 340 s (elapsed 342 s)
[3/144] d2_n128_G_persistent_s1.json 344 s (elapsed 346 s)
[4/144] d2_n128_G_fresh_s0.json 369 s (elapsed 371 s)
[5/144] d2_n128_G_fresh_s1.json 373 s (elapsed 375 s)
[6/144] d2_n128_G_fresh_s2.json 370 s (elapsed 711 s)
[7/144] d2_n128_R_persistent_s0.json 876 s (elapsed 1218 s)
[8/144] d2_n128_R_persistent_s1.json 874 s (elapsed 1220 s)
[9/144] d1_n512_G_persistent_s0.json 28 s (elapsed 1248 s)
[10/144] d2_n128_R_persistent_s2.json 879 s (elapsed 1250 s)
[11/144] d2_n128_R_fresh_s0.json 890 s (elapsed 1264 s)
[12/144] d1_n512_G_persistent_s1.json 28 s (elapsed 1276 s)
[13/144] d1_n512_G_persistent_s2.json 28 s (elapsed 1278 s)
[14/144] d1_n512_G_fresh_s0.json 39 s (elapsed 1303 s)
[15/144] d1_n512_G_fresh_s1.json 38 s (elapsed 1314 s)
[16/144] d1_n512_G_fresh_s2.json 38 s (elapsed 1317 s)
[17/144] d1_n512_R_persistent_s0.json 102 s (elapsed 1406 s)
[18/144] d1_n512_R_persistent_s1.json 101 s (elapsed 1415 s)
[19/144] d1_n512_R_persistent_s2.json 104 s (elapsed 1421 s)
[20/144] d2_n128_R_fresh_s1.json 772 s (elapsed 1483 s)
[21/144] d1_n512_R_fresh_s0.json 102 s (elapsed 1508 s)
[22/144] d1_n512_R_fresh_s1.json 100 s (elapsed 1515 s)
[23/144] d1_n512_R_fresh_s2.json 101 s (elapsed 1522 s)
[24/144] d3_n32_G_persistent_s0.json 65 s (elapsed 1548 s)
[25/144] d3_n32_G_persistent_s1.json 76 s (elapsed 1583 s)
[26/144] d3_n32_G_persistent_s2.json 78 s (elapsed 1593 s)
[27/144] d3_n32_G_fresh_s0.json 89 s (elapsed 1612 s)
[28/144] d3_n32_G_fresh_s1.json 88 s (elapsed 1636 s)
[29/144] d3_n32_G_fresh_s2.json 88 s (elapsed 1671 s)
[30/144] d3_n32_R_persistent_s0.json 131 s (elapsed 1724 s)
[31/144] d3_n32_R_persistent_s1.json 132 s (elapsed 1743 s)
[32/144] d3_n32_R_persistent_s2.json 131 s (elapsed 1767 s)
[33/144] d1_n256_G_persistent_s0.json 4 s (elapsed 1771 s)
[34/144] d1_n256_G_persistent_s1.json 4 s (elapsed 1775 s)
[35/144] d1_n256_G_persistent_s2.json 4 s (elapsed 1779 s)
[36/144] d1_n256_G_fresh_s0.json 5 s (elapsed 1784 s)
[37/144] d1_n256_G_fresh_s1.json 5 s (elapsed 1789 s)
[38/144] d1_n256_G_fresh_s2.json 5 s (elapsed 1795 s)
[39/144] d3_n32_R_fresh_s0.json 129 s (elapsed 1800 s)
[40/144] d1_n256_R_persistent_s0.json 12 s (elapsed 1807 s)
[41/144] d1_n256_R_persistent_s1.json 12 s (elapsed 1813 s)
[42/144] d1_n256_R_persistent_s2.json 12 s (elapsed 1819 s)
[43/144] d1_n256_R_fresh_s0.json 13 s (elapsed 1826 s)
[44/144] d1_n256_R_fresh_s1.json 14 s (elapsed 1833 s)
[45/144] d1_n256_R_fresh_s2.json 14 s (elapsed 1840 s)
[46/144] d3_n32_R_fresh_s1.json 116 s (elapsed 1840 s)
[47/144] d2_n64_G_persistent_s0.json 8 s (elapsed 1842 s)
[48/144] d2_n64_G_persistent_s1.json 8 s (elapsed 1849 s)
[49/144] d2_n64_G_persistent_s2.json 9 s (elapsed 1849 s)
[50/144] d2_n64_G_fresh_s0.json 10 s (elapsed 1852 s)
[51/144] d3_n32_R_fresh_s2.json 112 s (elapsed 1855 s)
[52/144] d2_n64_G_fresh_s1.json 10 s (elapsed 1859 s)
[53/144] d2_n64_G_fresh_s2.json 10 s (elapsed 1859 s)
[54/144] d2_n128_R_fresh_s2.json 646 s (elapsed 1864 s)
[55/144] d2_n64_R_persistent_s0.json 22 s (elapsed 1874 s)
[56/144] d2_n64_R_persistent_s1.json 22 s (elapsed 1878 s)
[57/144] d2_n64_R_persistent_s2.json 21 s (elapsed 1880 s)
[58/144] d2_n64_R_fresh_s0.json 24 s (elapsed 1883 s)
[59/144] d2_n64_R_fresh_s1.json 24 s (elapsed 1889 s)
[60/144] d3_n24_G_persistent_s0.json 14 s (elapsed 1891 s)
[61/144] d3_n24_G_persistent_s1.json 14 s (elapsed 1894 s)
[62/144] d3_n24_G_persistent_s2.json 17 s (elapsed 1900 s)
[63/144] d2_n64_R_fresh_s2.json 26 s (elapsed 1900 s)
[64/144] d3_n24_G_fresh_s0.json 19 s (elapsed 1907 s)
[65/144] d3_n24_G_fresh_s1.json 17 s (elapsed 1908 s)
[66/144] d3_n24_G_fresh_s2.json 16 s (elapsed 1911 s)
[67/144] d3_n24_R_persistent_s0.json 30 s (elapsed 1930 s)
[68/144] d3_n24_R_persistent_s1.json 30 s (elapsed 1930 s)
[69/144] d1_n128_G_persistent_s0.json 1 s (elapsed 1931 s)
[70/144] d1_n128_G_persistent_s1.json 1 s (elapsed 1932 s)
[71/144] d1_n128_G_persistent_s2.json 1 s (elapsed 1932 s)
[72/144] d1_n128_G_fresh_s0.json 1 s (elapsed 1933 s)
[73/144] d1_n128_G_fresh_s1.json 1 s (elapsed 1934 s)
[74/144] d1_n128_G_fresh_s2.json 1 s (elapsed 1935 s)
[75/144] d3_n24_R_persistent_s2.json 29 s (elapsed 1937 s)
[76/144] d1_n128_R_persistent_s0.json 2 s (elapsed 1937 s)
[77/144] d1_n128_R_persistent_s1.json 2 s (elapsed 1938 s)
[78/144] d3_n24_R_fresh_s0.json 31 s (elapsed 1939 s)
[79/144] d1_n128_R_persistent_s2.json 2 s (elapsed 1939 s)
[80/144] d1_n128_R_fresh_s0.json 2 s (elapsed 1940 s)
[81/144] d1_n128_R_fresh_s1.json 2 s (elapsed 1941 s)
[82/144] d3_n24_R_fresh_s1.json 30 s (elapsed 1941 s)
[83/144] d1_n128_R_fresh_s2.json 2 s (elapsed 1941 s)
[84/144] d2_n32_G_persistent_s0.json 1 s (elapsed 1941 s)
[85/144] d2_n32_G_persistent_s1.json 1 s (elapsed 1941 s)
[86/144] d2_n32_G_persistent_s2.json 1 s (elapsed 1941 s)
[87/144] d2_n32_G_fresh_s0.json 1 s (elapsed 1942 s)
[88/144] d2_n32_G_fresh_s1.json 1 s (elapsed 1942 s)
[89/144] d2_n32_G_fresh_s2.json 1 s (elapsed 1942 s)
[90/144] d2_n32_R_persistent_s0.json 1 s (elapsed 1942 s)
[91/144] d2_n32_R_persistent_s2.json 1 s (elapsed 1943 s)
[92/144] d2_n32_R_persistent_s1.json 1 s (elapsed 1943 s)
[93/144] d2_n32_R_fresh_s0.json 2 s (elapsed 1944 s)
[94/144] d2_n32_R_fresh_s1.json 2 s (elapsed 1944 s)
[95/144] d3_n16_G_persistent_s0.json 1 s (elapsed 1944 s)
[96/144] d2_n32_R_fresh_s2.json 2 s (elapsed 1945 s)
[97/144] d3_n16_G_persistent_s1.json 1 s (elapsed 1945 s)
[98/144] d3_n16_G_persistent_s2.json 1 s (elapsed 1945 s)
[99/144] d3_n16_G_fresh_s0.json 2 s (elapsed 1946 s)
[100/144] d3_n16_G_fresh_s1.json 1 s (elapsed 1946 s)
[101/144] d3_n16_G_fresh_s2.json 2 s (elapsed 1946 s)
[102/144] d3_n16_R_persistent_s0.json 2 s (elapsed 1948 s)
[103/144] d3_n16_R_persistent_s1.json 2 s (elapsed 1948 s)
[104/144] d3_n16_R_persistent_s2.json 2 s (elapsed 1948 s)
[105/144] d1_n64_G_persistent_s0.json 0 s (elapsed 1948 s)
[106/144] d1_n64_G_persistent_s1.json 0 s (elapsed 1949 s)
[107/144] d1_n64_G_persistent_s2.json 0 s (elapsed 1949 s)
[108/144] d3_n16_R_fresh_s0.json 2 s (elapsed 1949 s)
[109/144] d1_n64_G_fresh_s0.json 0 s (elapsed 1949 s)
[110/144] d1_n64_G_fresh_s1.json 0 s (elapsed 1949 s)
[111/144] d1_n64_G_fresh_s2.json 0 s (elapsed 1949 s)
[112/144] d1_n64_R_persistent_s0.json 0 s (elapsed 1949 s)
[113/144] d1_n64_R_persistent_s1.json 0 s (elapsed 1949 s)
[114/144] d1_n64_R_persistent_s2.json 0 s (elapsed 1950 s)
[115/144] d1_n64_R_fresh_s0.json 0 s (elapsed 1950 s)
[116/144] d1_n64_R_fresh_s1.json 0 s (elapsed 1950 s)
[117/144] d3_n16_R_fresh_s1.json 2 s (elapsed 1950 s)
[118/144] d2_n16_G_persistent_s0.json 0 s (elapsed 1950 s)
[119/144] d2_n16_G_persistent_s1.json 0 s (elapsed 1950 s)
[120/144] d2_n16_G_persistent_s2.json 0 s (elapsed 1950 s)
[121/144] d2_n16_G_fresh_s0.json 0 s (elapsed 1950 s)
[122/144] d2_n16_G_fresh_s1.json 0 s (elapsed 1950 s)
[123/144] d1_n64_R_fresh_s2.json 0 s (elapsed 1950 s)
[124/144] d2_n16_G_fresh_s2.json 0 s (elapsed 1950 s)
[125/144] d2_n16_R_persistent_s0.json 0 s (elapsed 1950 s)
[126/144] d2_n16_R_persistent_s1.json 0 s (elapsed 1950 s)
[127/144] d2_n16_R_persistent_s2.json 0 s (elapsed 1950 s)
[128/144] d2_n16_R_fresh_s0.json 0 s (elapsed 1950 s)
[129/144] d3_n8_G_persistent_s0.json 0 s (elapsed 1951 s)
[130/144] d2_n16_R_fresh_s1.json 0 s (elapsed 1951 s)
[131/144] d2_n16_R_fresh_s2.json 0 s (elapsed 1951 s)
[132/144] d3_n8_G_persistent_s1.json 0 s (elapsed 1951 s)
[133/144] d3_n8_G_persistent_s2.json 0 s (elapsed 1951 s)
[134/144] d3_n16_R_fresh_s2.json 2 s (elapsed 1951 s)
[135/144] d3_n8_G_fresh_s0.json 0 s (elapsed 1951 s)
[136/144] d3_n8_G_fresh_s1.json 0 s (elapsed 1951 s)
[137/144] d3_n8_G_fresh_s2.json 0 s (elapsed 1951 s)
[138/144] d3_n8_R_persistent_s0.json 0 s (elapsed 1951 s)
[139/144] d3_n8_R_persistent_s2.json 0 s (elapsed 1951 s)
[140/144] d3_n8_R_persistent_s1.json 0 s (elapsed 1951 s)
[141/144] d3_n8_R_fresh_s0.json 0 s (elapsed 1951 s)
[142/144] d3_n8_R_fresh_s1.json 0 s (elapsed 1951 s)
[143/144] d3_n8_R_fresh_s2.json 0 s (elapsed 1951 s)
[144/144] d3_n24_R_fresh_s2.json 23 s (elapsed 1953 s)
persistent G d=1: median W 0.06936, 0.1661, 0.3367, 3.511 at n=(64, 128, 256, 512); beta 1.398 (seeds 1.297, 2.255, 1.398); tilt ratio 2.493; within-slice tilt slope -0.044; redraws 0; max neighbour diff 0.126, max rate spread 9.7e-10 sigma, max W change 0.0000
persistent G d=2: median W 0.02176, 0.03272, 0.0749, 0.1018 at n=(16, 32, 64, 128); beta 0.951 (seeds 0.709, 1.153, 0.951); tilt ratio 0.888; within-slice tilt slope -0.233; redraws 0; max neighbour diff 0.047, max rate spread 7.2e-10 sigma, max W change 0.0000
persistent G d=3: median W 0.006419, 0.01071, 0.0123, 0.0129 at n=(8, 16, 24, 32); beta 0.523 (seeds 0.355, 0.523, 0.544); tilt ratio 0.502; within-slice tilt slope -0.576; redraws 0; max neighbour diff 0.030, max rate spread 7.7e-10 sigma, max W change 0.0000
persistent R d=1: median W 0.02145, 0.03374, 0.1396, 1.514 at n=(64, 128, 256, 512); beta 1.957 (seeds 1.524, 2.397, 1.957); tilt ratio 8.820; within-slice tilt slope 0.193; redraws 33; max neighbour diff 0.884, max rate spread 4.9e-10 sigma, max W change 0.0000
persistent R d=2: median W 0.01281, 0.02843, 0.0686, 0.1428 at n=(16, 32, 64, 128); beta 1.198 (seeds 1.198, 1.243, 1.007); tilt ratio 1.394; within-slice tilt slope -0.138; redraws 6; max neighbour diff 0.142, max rate spread 9.3e-08 sigma, max W change 0.0000
persistent R d=3: median W 0.00903, 0.01223, 0.01776, 0.02053 at n=(8, 16, 24, 32); beta 0.639 (seeds 0.768, 0.515, 0.639); tilt ratio 0.569; within-slice tilt slope -0.430; redraws 9; max neighbour diff 0.054, max rate spread 2.0e-05 sigma, max W change 0.0013
fresh      G d=1: median W 0.006865, 0.009622, 0.01319, 0.01895 at n=(64, 128, 256, 512); beta 0.421 (seeds 0.395, 0.585, 0.421); tilt ratio 0.309; within-slice tilt slope -0.547; redraws 0
fresh      G d=2: median W 0.003097, 0.003303, 0.003605, 0.00382 at n=(16, 32, 64, 128); beta 0.104 (seeds 0.118, 0.104, 0.086); tilt ratio 0.154; within-slice tilt slope -0.864; redraws 0
fresh      G d=3: median W 0.002607, 0.002662, 0.002678, 0.002693 at n=(8, 16, 24, 32); beta 0.022 (seeds 0.031, 0.022, 0.022); tilt ratio 0.259; within-slice tilt slope -0.934; redraws 0
fresh      R d=1: median W 0.003455, 0.004851, 0.009526, 0.01302 at n=(64, 128, 256, 512); beta 0.660 (seeds 0.618, 0.752, 0.660); tilt ratio 0.519; within-slice tilt slope -0.550; redraws 33
fresh      R d=2: median W 0.002911, 0.003323, 0.003586, 0.003888 at n=(16, 32, 64, 128); beta 0.124 (seeds 0.109, 0.124, 0.140); tilt ratio 0.160; within-slice tilt slope -0.846; redraws 6
fresh      R d=3: median W 0.002625, 0.002741, 0.002784, 0.002808 at n=(8, 16, 24, 32); beta 0.050 (seeds 0.050, 0.052, 0.017); tilt ratio 0.267; within-slice tilt slope -0.915; redraws 9
E1 structure and regime: NOT AS EXPECTED
E2 grids persistent exponents: AS EXPECTED
E3 random slices persistent exponents: NOT AS EXPECTED
E4 persistent tilt ratios: NOT AS EXPECTED
E5 fresh-each-tick control: NOT AS EXPECTED
E1 notes: max neighbour diff 0.808 (1, 512, 'R', False, 1); max neighbour diff 0.884 (1, 512, 'R', False, 2)
exponents separate: G True, R True
EXIT: E1 failed: code bug or regime problem; fix and rerun (recorded). (E5 not as expected: recorded, not blocking.)
total wall time this session 1954 s
