[1/480] d2_n128_G_persistent_s3.json 324 s (elapsed 325 s)
[2/480] d2_n128_G_persistent_s7.json 328 s (elapsed 329 s)
[3/480] d2_n128_G_persistent_s6.json 328 s (elapsed 330 s)
[4/480] d2_n128_G_persistent_s8.json 329 s (elapsed 330 s)
[5/480] d2_n128_G_persistent_s5.json 329 s (elapsed 331 s)
[6/480] d2_n128_G_persistent_s4.json 332 s (elapsed 333 s)
[7/480] d2_n128_G_persistent_s10.json 259 s (elapsed 588 s)
[8/480] d2_n128_G_persistent_s9.json 288 s (elapsed 613 s)
[9/480] d2_n128_G_persistent_s12.json 285 s (elapsed 615 s)
[10/480] d2_n128_G_persistent_s11.json 287 s (elapsed 617 s)
[11/480] d2_n128_G_fresh_s3.json 319 s (elapsed 650 s)
[12/480] d2_n128_G_fresh_s4.json 325 s (elapsed 658 s)
[13/480] d2_n128_G_fresh_s5.json 274 s (elapsed 863 s)
[14/480] d2_n128_G_fresh_s6.json 299 s (elapsed 912 s)
[15/480] d2_n128_G_fresh_s8.json 298 s (elapsed 915 s)
[16/480] d2_n128_G_fresh_s7.json 301 s (elapsed 916 s)
[17/480] d2_n128_G_fresh_s10.json 283 s (elapsed 941 s)
[18/480] d2_n128_G_fresh_s9.json 299 s (elapsed 948 s)
[19/480] d2_n128_G_fresh_s11.json 302 s (elapsed 1164 s)
[20/480] d2_n128_G_fresh_s12.json 323 s (elapsed 1235 s)
[21/480] d2_n128_R_persistent_s3.json 798 s (elapsed 1713 s)
[22/480] d2_n128_R_persistent_s4.json 801 s (elapsed 1717 s)
[23/480] d2_n128_R_persistent_s5.json 804 s (elapsed 1745 s)
[24/480] d2_n128_R_persistent_s6.json 809 s (elapsed 1757 s)
[25/480] d2_n128_R_persistent_s7.json 814 s (elapsed 1979 s)
[26/480] d2_n128_R_persistent_s8.json 815 s (elapsed 2050 s)
[27/480] d2_n128_R_persistent_s9.json 818 s (elapsed 2531 s)
[28/480] d2_n128_R_persistent_s10.json 817 s (elapsed 2534 s)
[29/480] d2_n128_R_persistent_s11.json 825 s (elapsed 2570 s)
[30/480] d2_n128_R_persistent_s12.json 819 s (elapsed 2576 s)
[31/480] d2_n128_R_fresh_s3.json 832 s (elapsed 2811 s)
[32/480] d2_n128_R_fresh_s4.json 843 s (elapsed 2893 s)
[33/480] d2_n128_R_fresh_s6.json 828 s (elapsed 3362 s)
[34/480] d2_n128_R_fresh_s5.json 837 s (elapsed 3368 s)
[35/480] d2_n128_R_fresh_s8.json 831 s (elapsed 3408 s)
[36/480] d2_n128_R_fresh_s7.json 839 s (elapsed 3409 s)
[37/480] d1_n512_G_persistent_s3.json 27 s (elapsed 3435 s)
[38/480] d1_n512_G_persistent_s4.json 27 s (elapsed 3436 s)
[39/480] d1_n512_G_persistent_s5.json 27 s (elapsed 3463 s)
[40/480] d1_n512_G_persistent_s6.json 27 s (elapsed 3463 s)
[41/480] d1_n512_G_persistent_s7.json 28 s (elapsed 3490 s)
[42/480] d1_n512_G_persistent_s8.json 27 s (elapsed 3491 s)
[43/480] d1_n512_G_persistent_s9.json 27 s (elapsed 3518 s)
[44/480] d1_n512_G_persistent_s10.json 28 s (elapsed 3518 s)
[45/480] d1_n512_G_persistent_s11.json 27 s (elapsed 3545 s)
[46/480] d1_n512_G_persistent_s12.json 27 s (elapsed 3546 s)
[47/480] d1_n512_G_fresh_s3.json 38 s (elapsed 3583 s)
[48/480] d1_n512_G_fresh_s4.json 37 s (elapsed 3583 s)
[49/480] d2_n128_R_fresh_s9.json 777 s (elapsed 3588 s)
[50/480] d1_n512_G_fresh_s5.json 38 s (elapsed 3620 s)
[51/480] d1_n512_G_fresh_s6.json 37 s (elapsed 3621 s)
[52/480] d1_n512_G_fresh_s7.json 38 s (elapsed 3626 s)
[53/480] d2_n128_R_fresh_s10.json 760 s (elapsed 3653 s)
[54/480] d1_n512_G_fresh_s9.json 37 s (elapsed 3657 s)
[55/480] d1_n512_G_fresh_s8.json 38 s (elapsed 3658 s)
[56/480] d1_n512_G_fresh_s10.json 37 s (elapsed 3663 s)
[57/480] d1_n512_G_fresh_s11.json 37 s (elapsed 3690 s)
[58/480] d1_n512_G_fresh_s12.json 36 s (elapsed 3694 s)
[59/480] d1_n512_R_persistent_s3.json 100 s (elapsed 3758 s)
[60/480] d1_n512_R_persistent_s4.json 100 s (elapsed 3763 s)
[61/480] d1_n512_R_persistent_s5.json 100 s (elapsed 3790 s)
[62/480] d1_n512_R_persistent_s6.json 102 s (elapsed 3796 s)
[63/480] d1_n512_R_persistent_s7.json 102 s (elapsed 3860 s)
[64/480] d1_n512_R_persistent_s8.json 105 s (elapsed 3868 s)
[65/480] d1_n512_R_persistent_s9.json 103 s (elapsed 3893 s)
[66/480] d1_n512_R_persistent_s10.json 105 s (elapsed 3900 s)
[67/480] d1_n512_R_persistent_s11.json 109 s (elapsed 3969 s)
[68/480] d1_n512_R_persistent_s12.json 108 s (elapsed 3976 s)
[69/480] d2_n128_R_fresh_s11.json 617 s (elapsed 3979 s)
[70/480] d2_n128_R_fresh_s12.json 618 s (elapsed 3986 s)
[71/480] d1_n512_R_fresh_s3.json 116 s (elapsed 4009 s)
[72/480] d1_n512_R_fresh_s4.json 115 s (elapsed 4015 s)
[73/480] d1_n512_R_fresh_s5.json 106 s (elapsed 4075 s)
[74/480] d1_n512_R_fresh_s6.json 108 s (elapsed 4083 s)
[75/480] d1_n512_R_fresh_s7.json 107 s (elapsed 4085 s)
[76/480] d1_n512_R_fresh_s8.json 109 s (elapsed 4094 s)
[77/480] d1_n512_R_fresh_s9.json 105 s (elapsed 4114 s)
[78/480] d1_n512_R_fresh_s10.json 107 s (elapsed 4122 s)
[79/480] d3_n32_G_persistent_s3.json 65 s (elapsed 4150 s)
[80/480] d3_n32_G_persistent_s4.json 69 s (elapsed 4163 s)
[81/480] d1_n512_R_fresh_s11.json 107 s (elapsed 4182 s)
[82/480] d3_n32_G_persistent_s5.json 73 s (elapsed 4188 s)
[83/480] d1_n512_R_fresh_s12.json 107 s (elapsed 4190 s)
[84/480] d3_n32_G_persistent_s6.json 77 s (elapsed 4199 s)
[85/480] d3_n32_G_persistent_s7.json 85 s (elapsed 4235 s)
[86/480] d3_n32_G_persistent_s8.json 90 s (elapsed 4253 s)
[87/480] d3_n32_G_persistent_s9.json 95 s (elapsed 4277 s)
[88/480] d3_n32_G_persistent_s10.json 95 s (elapsed 4283 s)
[89/480] d3_n32_G_persistent_s11.json 97 s (elapsed 4287 s)
[90/480] d3_n32_G_persistent_s12.json 96 s (elapsed 4295 s)
[91/480] d3_n32_G_fresh_s3.json 106 s (elapsed 4342 s)
[92/480] d3_n32_G_fresh_s4.json 108 s (elapsed 4360 s)
[93/480] d3_n32_G_fresh_s5.json 107 s (elapsed 4384 s)
[94/480] d3_n32_G_fresh_s6.json 108 s (elapsed 4391 s)
[95/480] d3_n32_G_fresh_s7.json 108 s (elapsed 4395 s)
[96/480] d3_n32_G_fresh_s8.json 108 s (elapsed 4403 s)
[97/480] d3_n32_G_fresh_s9.json 102 s (elapsed 4444 s)
[98/480] d3_n32_G_fresh_s10.json 99 s (elapsed 4460 s)
[99/480] d3_n32_G_fresh_s11.json 95 s (elapsed 4479 s)
[100/480] d3_n32_G_fresh_s12.json 96 s (elapsed 4486 s)
[101/480] d3_n32_R_persistent_s3.json 159 s (elapsed 4554 s)
[102/480] d3_n32_R_persistent_s4.json 157 s (elapsed 4560 s)
[103/480] d3_n32_R_persistent_s5.json 159 s (elapsed 4603 s)
[104/480] d3_n32_R_persistent_s6.json 158 s (elapsed 4617 s)
[105/480] d3_n32_R_persistent_s7.json 157 s (elapsed 4636 s)
[106/480] d3_n32_R_persistent_s8.json 156 s (elapsed 4642 s)
[107/480] d3_n32_R_persistent_s9.json 155 s (elapsed 4710 s)
[108/480] d3_n32_R_persistent_s10.json 156 s (elapsed 4716 s)
[109/480] d3_n32_R_persistent_s11.json 155 s (elapsed 4757 s)
[110/480] d3_n32_R_persistent_s12.json 156 s (elapsed 4773 s)
[111/480] d3_n32_R_fresh_s3.json 161 s (elapsed 4797 s)
[112/480] d3_n32_R_fresh_s4.json 160 s (elapsed 4802 s)
[113/480] d3_n32_R_fresh_s5.json 167 s (elapsed 4877 s)
[114/480] d3_n32_R_fresh_s6.json 165 s (elapsed 4881 s)
[115/480] d3_n32_R_fresh_s7.json 167 s (elapsed 4924 s)
[116/480] d1_n256_G_persistent_s3.json 4 s (elapsed 4929 s)
[117/480] d1_n256_G_persistent_s4.json 4 s (elapsed 4933 s)
[118/480] d3_n32_R_fresh_s8.json 164 s (elapsed 4937 s)
[119/480] d1_n256_G_persistent_s5.json 4 s (elapsed 4938 s)
[120/480] d1_n256_G_persistent_s6.json 4 s (elapsed 4941 s)
[121/480] d1_n256_G_persistent_s7.json 4 s (elapsed 4942 s)
[122/480] d1_n256_G_persistent_s8.json 4 s (elapsed 4945 s)
[123/480] d1_n256_G_persistent_s9.json 4 s (elapsed 4946 s)
[124/480] d1_n256_G_persistent_s10.json 5 s (elapsed 4950 s)
[125/480] d1_n256_G_persistent_s11.json 4 s (elapsed 4951 s)
[126/480] d3_n32_R_fresh_s9.json 157 s (elapsed 4954 s)
[127/480] d1_n256_G_persistent_s12.json 4 s (elapsed 4954 s)
[128/480] d1_n256_G_fresh_s3.json 6 s (elapsed 4957 s)
[129/480] d3_n32_R_fresh_s10.json 157 s (elapsed 4959 s)
[130/480] d1_n256_G_fresh_s4.json 6 s (elapsed 4960 s)
[131/480] d1_n256_G_fresh_s5.json 6 s (elapsed 4960 s)
[132/480] d1_n256_G_fresh_s6.json 6 s (elapsed 4963 s)
[133/480] d1_n256_G_fresh_s7.json 6 s (elapsed 4965 s)
[134/480] d1_n256_G_fresh_s8.json 6 s (elapsed 4966 s)
[135/480] d1_n256_G_fresh_s9.json 6 s (elapsed 4966 s)
[136/480] d1_n256_G_fresh_s10.json 6 s (elapsed 4969 s)
[137/480] d1_n256_G_fresh_s11.json 6 s (elapsed 4971 s)
[138/480] d1_n256_G_fresh_s12.json 6 s (elapsed 4972 s)
[139/480] d1_n256_R_persistent_s3.json 14 s (elapsed 4980 s)
[140/480] d1_n256_R_persistent_s4.json 14 s (elapsed 4983 s)
[141/480] d1_n256_R_persistent_s5.json 13 s (elapsed 4985 s)
[142/480] d1_n256_R_persistent_s6.json 14 s (elapsed 4986 s)
[143/480] d1_n256_R_persistent_s7.json 14 s (elapsed 4994 s)
[144/480] d1_n256_R_persistent_s8.json 14 s (elapsed 4996 s)
[145/480] d1_n256_R_persistent_s9.json 14 s (elapsed 4998 s)
[146/480] d1_n256_R_persistent_s10.json 14 s (elapsed 5000 s)
[147/480] d3_n32_R_fresh_s11.json 127 s (elapsed 5003 s)
[148/480] d3_n32_R_fresh_s12.json 126 s (elapsed 5007 s)
[149/480] d1_n256_R_persistent_s11.json 14 s (elapsed 5007 s)
[150/480] d1_n256_R_persistent_s12.json 14 s (elapsed 5010 s)
[151/480] d1_n256_R_fresh_s3.json 15 s (elapsed 5014 s)
[152/480] d1_n256_R_fresh_s4.json 15 s (elapsed 5015 s)
[153/480] d1_n256_R_fresh_s5.json 15 s (elapsed 5019 s)
[154/480] d1_n256_R_fresh_s6.json 15 s (elapsed 5022 s)
[155/480] d1_n256_R_fresh_s7.json 15 s (elapsed 5022 s)
[156/480] d1_n256_R_fresh_s8.json 15 s (elapsed 5025 s)
[157/480] d1_n256_R_fresh_s9.json 15 s (elapsed 5029 s)
[158/480] d1_n256_R_fresh_s10.json 15 s (elapsed 5030 s)
[159/480] d2_n64_G_persistent_s3.json 9 s (elapsed 5032 s)
[160/480] d1_n256_R_fresh_s11.json 15 s (elapsed 5034 s)
[161/480] d2_n64_G_persistent_s4.json 9 s (elapsed 5034 s)
[162/480] d1_n256_R_fresh_s12.json 15 s (elapsed 5038 s)
[163/480] d2_n64_G_persistent_s5.json 9 s (elapsed 5038 s)
[164/480] d2_n64_G_persistent_s6.json 9 s (elapsed 5040 s)
[165/480] d2_n64_G_persistent_s7.json 10 s (elapsed 5041 s)
[166/480] d2_n64_G_persistent_s8.json 9 s (elapsed 5044 s)
[167/480] d2_n64_G_persistent_s9.json 9 s (elapsed 5044 s)
[168/480] d2_n64_G_persistent_s10.json 10 s (elapsed 5047 s)
[169/480] d2_n64_G_persistent_s11.json 10 s (elapsed 5048 s)
[170/480] d2_n64_G_persistent_s12.json 9 s (elapsed 5049 s)
[171/480] d2_n64_G_fresh_s3.json 12 s (elapsed 5053 s)
[172/480] d2_n64_G_fresh_s4.json 11 s (elapsed 5055 s)
[173/480] d2_n64_G_fresh_s5.json 12 s (elapsed 5055 s)
[174/480] d2_n64_G_fresh_s6.json 11 s (elapsed 5059 s)
[175/480] d2_n64_G_fresh_s7.json 11 s (elapsed 5059 s)
[176/480] d2_n64_G_fresh_s8.json 11 s (elapsed 5060 s)
[177/480] d2_n64_G_fresh_s9.json 12 s (elapsed 5065 s)
[178/480] d2_n64_G_fresh_s10.json 11 s (elapsed 5066 s)
[179/480] d2_n64_G_fresh_s11.json 11 s (elapsed 5067 s)
[180/480] d2_n64_G_fresh_s12.json 11 s (elapsed 5070 s)
[181/480] d2_n64_R_persistent_s3.json 25 s (elapsed 5084 s)
[182/480] d2_n64_R_persistent_s4.json 25 s (elapsed 5085 s)
[183/480] d2_n64_R_persistent_s5.json 26 s (elapsed 5090 s)
[184/480] d2_n64_R_persistent_s6.json 26 s (elapsed 5092 s)
[185/480] d2_n64_R_persistent_s7.json 26 s (elapsed 5092 s)
[186/480] d2_n64_R_persistent_s8.json 26 s (elapsed 5096 s)
[187/480] d2_n64_R_persistent_s9.json 26 s (elapsed 5111 s)
[188/480] d2_n64_R_persistent_s10.json 26 s (elapsed 5111 s)
[189/480] d2_n64_R_persistent_s11.json 25 s (elapsed 5116 s)
[190/480] d2_n64_R_persistent_s12.json 26 s (elapsed 5118 s)
[191/480] d2_n64_R_fresh_s3.json 27 s (elapsed 5119 s)
[192/480] d2_n64_R_fresh_s4.json 27 s (elapsed 5123 s)
[193/480] d2_n64_R_fresh_s5.json 27 s (elapsed 5138 s)
[194/480] d2_n64_R_fresh_s6.json 27 s (elapsed 5138 s)
[195/480] d2_n64_R_fresh_s7.json 27 s (elapsed 5143 s)
[196/480] d2_n64_R_fresh_s8.json 27 s (elapsed 5145 s)
[197/480] d2_n64_R_fresh_s9.json 27 s (elapsed 5147 s)
[198/480] d2_n64_R_fresh_s10.json 28 s (elapsed 5151 s)
[199/480] d3_n24_G_persistent_s3.json 16 s (elapsed 5159 s)
[200/480] d3_n24_G_persistent_s4.json 16 s (elapsed 5161 s)
[201/480] d3_n24_G_persistent_s6.json 15 s (elapsed 5166 s)
[202/480] d3_n24_G_persistent_s5.json 20 s (elapsed 5166 s)
[203/480] d2_n64_R_fresh_s11.json 30 s (elapsed 5168 s)
[204/480] d2_n64_R_fresh_s12.json 30 s (elapsed 5169 s)
[205/480] d3_n24_G_persistent_s7.json 18 s (elapsed 5177 s)
[206/480] d3_n24_G_persistent_s8.json 21 s (elapsed 5182 s)
[207/480] d3_n24_G_persistent_s10.json 16 s (elapsed 5182 s)
[208/480] d3_n24_G_persistent_s11.json 16 s (elapsed 5184 s)
[209/480] d3_n24_G_persistent_s9.json 19 s (elapsed 5185 s)
[210/480] d3_n24_G_persistent_s12.json 20 s (elapsed 5188 s)
[211/480] d3_n24_G_fresh_s3.json 21 s (elapsed 5199 s)
[212/480] d3_n24_G_fresh_s4.json 18 s (elapsed 5200 s)
[213/480] d3_n24_G_fresh_s6.json 18 s (elapsed 5202 s)
[214/480] d3_n24_G_fresh_s5.json 21 s (elapsed 5204 s)
[215/480] d3_n24_G_fresh_s7.json 24 s (elapsed 5208 s)
[216/480] d3_n24_G_fresh_s8.json 20 s (elapsed 5208 s)
[217/480] d3_n24_G_fresh_s10.json 18 s (elapsed 5219 s)
[218/480] d3_n24_G_fresh_s9.json 21 s (elapsed 5220 s)
[219/480] d3_n24_G_fresh_s11.json 19 s (elapsed 5221 s)
[220/480] d3_n24_G_fresh_s12.json 22 s (elapsed 5226 s)
[221/480] d3_n24_R_persistent_s4.json 36 s (elapsed 5244 s)
[222/480] d3_n24_R_persistent_s3.json 36 s (elapsed 5244 s)
[223/480] d3_n24_R_persistent_s5.json 37 s (elapsed 5255 s)
[224/480] d3_n24_R_persistent_s6.json 36 s (elapsed 5256 s)
[225/480] d3_n24_R_persistent_s7.json 36 s (elapsed 5257 s)
[226/480] d3_n24_R_persistent_s8.json 36 s (elapsed 5262 s)
[227/480] d3_n24_R_persistent_s9.json 36 s (elapsed 5280 s)
[228/480] d3_n24_R_persistent_s10.json 36 s (elapsed 5280 s)
[229/480] d3_n24_R_persistent_s11.json 37 s (elapsed 5292 s)
[230/480] d3_n24_R_persistent_s12.json 36 s (elapsed 5292 s)
[231/480] d3_n24_R_fresh_s3.json 38 s (elapsed 5295 s)
[232/480] d3_n24_R_fresh_s4.json 38 s (elapsed 5300 s)
[233/480] d3_n24_R_fresh_s5.json 38 s (elapsed 5318 s)
[234/480] d3_n24_R_fresh_s6.json 38 s (elapsed 5318 s)
[235/480] d3_n24_R_fresh_s8.json 38 s (elapsed 5330 s)
[236/480] d3_n24_R_fresh_s7.json 38 s (elapsed 5330 s)
[237/480] d1_n128_G_persistent_s3.json 1 s (elapsed 5331 s)
[238/480] d1_n128_G_persistent_s4.json 1 s (elapsed 5331 s)
[239/480] d1_n128_G_persistent_s5.json 1 s (elapsed 5331 s)
[240/480] d1_n128_G_persistent_s6.json 1 s (elapsed 5332 s)
[241/480] d3_n24_R_fresh_s9.json 37 s (elapsed 5332 s)
[242/480] d1_n128_G_persistent_s7.json 1 s (elapsed 5332 s)
[243/480] d1_n128_G_persistent_s8.json 1 s (elapsed 5333 s)
[244/480] d1_n128_G_persistent_s9.json 1 s (elapsed 5333 s)
[245/480] d1_n128_G_persistent_s10.json 1 s (elapsed 5333 s)
[246/480] d1_n128_G_persistent_s11.json 1 s (elapsed 5334 s)
[247/480] d1_n128_G_persistent_s12.json 1 s (elapsed 5334 s)
[248/480] d1_n128_G_fresh_s3.json 1 s (elapsed 5334 s)
[249/480] d1_n128_G_fresh_s4.json 1 s (elapsed 5335 s)
[250/480] d1_n128_G_fresh_s5.json 1 s (elapsed 5335 s)
[251/480] d1_n128_G_fresh_s6.json 1 s (elapsed 5335 s)
[252/480] d1_n128_G_fresh_s7.json 1 s (elapsed 5336 s)
[253/480] d3_n24_R_fresh_s10.json 36 s (elapsed 5336 s)
[254/480] d1_n128_G_fresh_s8.json 1 s (elapsed 5336 s)
[255/480] d1_n128_G_fresh_s9.json 1 s (elapsed 5337 s)
[256/480] d1_n128_G_fresh_s10.json 1 s (elapsed 5337 s)
[257/480] d1_n128_G_fresh_s11.json 1 s (elapsed 5337 s)
[258/480] d1_n128_G_fresh_s12.json 1 s (elapsed 5337 s)
[259/480] d1_n128_R_persistent_s3.json 2 s (elapsed 5339 s)
[260/480] d1_n128_R_persistent_s5.json 2 s (elapsed 5339 s)
[261/480] d1_n128_R_persistent_s4.json 2 s (elapsed 5339 s)
[262/480] d1_n128_R_persistent_s6.json 2 s (elapsed 5339 s)
[263/480] d1_n128_R_persistent_s7.json 2 s (elapsed 5340 s)
[264/480] d1_n128_R_persistent_s8.json 2 s (elapsed 5341 s)
[265/480] d1_n128_R_persistent_s9.json 2 s (elapsed 5341 s)
[266/480] d1_n128_R_persistent_s10.json 2 s (elapsed 5341 s)
[267/480] d1_n128_R_persistent_s11.json 2 s (elapsed 5342 s)
[268/480] d1_n128_R_persistent_s12.json 2 s (elapsed 5343 s)
[269/480] d1_n128_R_fresh_s4.json 2 s (elapsed 5343 s)
[270/480] d1_n128_R_fresh_s3.json 2 s (elapsed 5343 s)
[271/480] d1_n128_R_fresh_s5.json 2 s (elapsed 5345 s)
[272/480] d1_n128_R_fresh_s6.json 2 s (elapsed 5345 s)
[273/480] d1_n128_R_fresh_s7.json 2 s (elapsed 5346 s)
[274/480] d1_n128_R_fresh_s8.json 2 s (elapsed 5346 s)
[275/480] d1_n128_R_fresh_s9.json 2 s (elapsed 5347 s)
[276/480] d1_n128_R_fresh_s10.json 2 s (elapsed 5347 s)
[277/480] d3_n24_R_fresh_s11.json 30 s (elapsed 5348 s)
[278/480] d1_n128_R_fresh_s11.json 2 s (elapsed 5348 s)
[279/480] d2_n32_G_persistent_s3.json 1 s (elapsed 5348 s)
[280/480] d1_n128_R_fresh_s12.json 2 s (elapsed 5348 s)
[281/480] d2_n32_G_persistent_s4.json 1 s (elapsed 5348 s)
[282/480] d3_n24_R_fresh_s12.json 30 s (elapsed 5348 s)
[283/480] d2_n32_G_persistent_s5.json 1 s (elapsed 5348 s)
[284/480] d2_n32_G_persistent_s6.json 1 s (elapsed 5349 s)
[285/480] d2_n32_G_persistent_s7.json 1 s (elapsed 5349 s)
[286/480] d2_n32_G_persistent_s8.json 1 s (elapsed 5349 s)
[287/480] d2_n32_G_persistent_s9.json 1 s (elapsed 5349 s)
[288/480] d2_n32_G_persistent_s10.json 1 s (elapsed 5349 s)
[289/480] d2_n32_G_persistent_s11.json 1 s (elapsed 5349 s)
[290/480] d2_n32_G_persistent_s12.json 1 s (elapsed 5349 s)
[291/480] d2_n32_G_fresh_s3.json 1 s (elapsed 5349 s)
[292/480] d2_n32_G_fresh_s4.json 1 s (elapsed 5350 s)
[293/480] d2_n32_G_fresh_s5.json 1 s (elapsed 5350 s)
[294/480] d2_n32_G_fresh_s6.json 1 s (elapsed 5350 s)
[295/480] d2_n32_G_fresh_s7.json 1 s (elapsed 5350 s)
[296/480] d2_n32_G_fresh_s8.json 1 s (elapsed 5350 s)
[297/480] d2_n32_G_fresh_s9.json 1 s (elapsed 5350 s)
[298/480] d2_n32_G_fresh_s10.json 1 s (elapsed 5350 s)
[299/480] d2_n32_G_fresh_s12.json 1 s (elapsed 5351 s)
[300/480] d2_n32_G_fresh_s11.json 1 s (elapsed 5351 s)
[301/480] d2_n32_R_persistent_s3.json 1 s (elapsed 5351 s)
[302/480] d2_n32_R_persistent_s4.json 2 s (elapsed 5352 s)
[303/480] d2_n32_R_persistent_s5.json 2 s (elapsed 5352 s)
[304/480] d2_n32_R_persistent_s6.json 2 s (elapsed 5352 s)
[305/480] d2_n32_R_persistent_s8.json 2 s (elapsed 5352 s)
[306/480] d2_n32_R_persistent_s7.json 2 s (elapsed 5352 s)
[307/480] d2_n32_R_persistent_s9.json 2 s (elapsed 5353 s)
[308/480] d2_n32_R_persistent_s10.json 2 s (elapsed 5353 s)
[309/480] d2_n32_R_persistent_s11.json 2 s (elapsed 5353 s)
[310/480] d2_n32_R_persistent_s12.json 2 s (elapsed 5354 s)
[311/480] d2_n32_R_fresh_s3.json 2 s (elapsed 5354 s)
[312/480] d2_n32_R_fresh_s4.json 2 s (elapsed 5354 s)
[313/480] d2_n32_R_fresh_s5.json 2 s (elapsed 5355 s)
[314/480] d2_n32_R_fresh_s6.json 2 s (elapsed 5355 s)
[315/480] d2_n32_R_fresh_s8.json 2 s (elapsed 5355 s)
[316/480] d2_n32_R_fresh_s7.json 2 s (elapsed 5355 s)
[317/480] d2_n32_R_fresh_s9.json 2 s (elapsed 5356 s)
[318/480] d2_n32_R_fresh_s10.json 2 s (elapsed 5356 s)
[319/480] d2_n32_R_fresh_s11.json 2 s (elapsed 5357 s)
[320/480] d3_n16_G_persistent_s3.json 1 s (elapsed 5357 s)
[321/480] d2_n32_R_fresh_s12.json 2 s (elapsed 5357 s)
[322/480] d3_n16_G_persistent_s4.json 1 s (elapsed 5357 s)
[323/480] d3_n16_G_persistent_s5.json 1 s (elapsed 5357 s)
[324/480] d3_n16_G_persistent_s6.json 1 s (elapsed 5357 s)
[325/480] d3_n16_G_persistent_s7.json 1 s (elapsed 5358 s)
[326/480] d3_n16_G_persistent_s8.json 1 s (elapsed 5358 s)
[327/480] d3_n16_G_persistent_s9.json 1 s (elapsed 5358 s)
[328/480] d3_n16_G_persistent_s10.json 1 s (elapsed 5358 s)
[329/480] d3_n16_G_persistent_s11.json 1 s (elapsed 5358 s)
[330/480] d3_n16_G_persistent_s12.json 1 s (elapsed 5358 s)
[331/480] d3_n16_G_fresh_s5.json 2 s (elapsed 5360 s)
[332/480] d3_n16_G_fresh_s3.json 2 s (elapsed 5360 s)
[333/480] d3_n16_G_fresh_s4.json 2 s (elapsed 5360 s)
[334/480] d3_n16_G_fresh_s6.json 2 s (elapsed 5360 s)
[335/480] d3_n16_G_fresh_s7.json 2 s (elapsed 5360 s)
[336/480] d3_n16_G_fresh_s8.json 2 s (elapsed 5360 s)
[337/480] d3_n16_G_fresh_s9.json 2 s (elapsed 5361 s)
[338/480] d3_n16_G_fresh_s10.json 2 s (elapsed 5361 s)
[339/480] d3_n16_G_fresh_s11.json 2 s (elapsed 5362 s)
[340/480] d3_n16_G_fresh_s12.json 2 s (elapsed 5362 s)
[341/480] d3_n16_R_persistent_s4.json 3 s (elapsed 5363 s)
[342/480] d3_n16_R_persistent_s3.json 3 s (elapsed 5363 s)
[343/480] d3_n16_R_persistent_s6.json 3 s (elapsed 5364 s)
[344/480] d3_n16_R_persistent_s5.json 3 s (elapsed 5364 s)
[345/480] d3_n16_R_persistent_s8.json 3 s (elapsed 5364 s)
[346/480] d3_n16_R_persistent_s7.json 3 s (elapsed 5364 s)
[347/480] d3_n16_R_persistent_s9.json 3 s (elapsed 5365 s)
[348/480] d3_n16_R_persistent_s10.json 3 s (elapsed 5365 s)
[349/480] d3_n16_R_persistent_s11.json 3 s (elapsed 5367 s)
[350/480] d3_n16_R_persistent_s12.json 3 s (elapsed 5367 s)
[351/480] d3_n16_R_fresh_s4.json 3 s (elapsed 5367 s)
[352/480] d3_n16_R_fresh_s3.json 3 s (elapsed 5367 s)
[353/480] d3_n16_R_fresh_s5.json 3 s (elapsed 5368 s)
[354/480] d3_n16_R_fresh_s6.json 3 s (elapsed 5368 s)
[355/480] d3_n16_R_fresh_s7.json 3 s (elapsed 5370 s)
[356/480] d3_n16_R_fresh_s8.json 3 s (elapsed 5370 s)
[357/480] d1_n64_G_persistent_s3.json 0 s (elapsed 5370 s)
[358/480] d1_n64_G_persistent_s4.json 0 s (elapsed 5370 s)
[359/480] d1_n64_G_persistent_s5.json 0 s (elapsed 5370 s)
[360/480] d1_n64_G_persistent_s6.json 0 s (elapsed 5370 s)
[361/480] d3_n16_R_fresh_s9.json 3 s (elapsed 5370 s)
[362/480] d1_n64_G_persistent_s7.json 0 s (elapsed 5370 s)
[363/480] d1_n64_G_persistent_s9.json 0 s (elapsed 5370 s)
[364/480] d1_n64_G_persistent_s8.json 0 s (elapsed 5370 s)
[365/480] d3_n16_R_fresh_s10.json 3 s (elapsed 5370 s)
[366/480] d1_n64_G_persistent_s10.json 0 s (elapsed 5370 s)
[367/480] d1_n64_G_persistent_s12.json 0 s (elapsed 5370 s)
[368/480] d1_n64_G_persistent_s11.json 0 s (elapsed 5370 s)
[369/480] d1_n64_G_fresh_s3.json 0 s (elapsed 5370 s)
[370/480] d1_n64_G_fresh_s4.json 0 s (elapsed 5370 s)
[371/480] d1_n64_G_fresh_s5.json 0 s (elapsed 5371 s)
[372/480] d1_n64_G_fresh_s6.json 0 s (elapsed 5371 s)
[373/480] d1_n64_G_fresh_s7.json 0 s (elapsed 5371 s)
[374/480] d1_n64_G_fresh_s8.json 0 s (elapsed 5371 s)
[375/480] d1_n64_G_fresh_s9.json 0 s (elapsed 5371 s)
[376/480] d1_n64_G_fresh_s10.json 0 s (elapsed 5371 s)
[377/480] d1_n64_G_fresh_s11.json 0 s (elapsed 5371 s)
[378/480] d1_n64_G_fresh_s12.json 0 s (elapsed 5371 s)
[379/480] d3_n16_R_fresh_s11.json 3 s (elapsed 5371 s)
[380/480] d3_n16_R_fresh_s12.json 3 s (elapsed 5371 s)
[381/480] d1_n64_R_persistent_s3.json 0 s (elapsed 5371 s)
[382/480] d1_n64_R_persistent_s4.json 0 s (elapsed 5371 s)
[383/480] d1_n64_R_persistent_s5.json 0 s (elapsed 5371 s)
[384/480] d1_n64_R_persistent_s6.json 0 s (elapsed 5371 s)
[385/480] d1_n64_R_persistent_s7.json 0 s (elapsed 5372 s)
[386/480] d1_n64_R_persistent_s8.json 0 s (elapsed 5372 s)
[387/480] d1_n64_R_persistent_s9.json 0 s (elapsed 5372 s)
[388/480] d1_n64_R_persistent_s10.json 0 s (elapsed 5372 s)
[389/480] d1_n64_R_persistent_s11.json 0 s (elapsed 5372 s)
[390/480] d1_n64_R_persistent_s12.json 0 s (elapsed 5372 s)
[391/480] d1_n64_R_fresh_s3.json 0 s (elapsed 5372 s)
[392/480] d1_n64_R_fresh_s4.json 0 s (elapsed 5372 s)
[393/480] d1_n64_R_fresh_s5.json 0 s (elapsed 5372 s)
[394/480] d1_n64_R_fresh_s6.json 0 s (elapsed 5372 s)
[395/480] d1_n64_R_fresh_s7.json 0 s (elapsed 5372 s)
[396/480] d1_n64_R_fresh_s8.json 0 s (elapsed 5372 s)
[397/480] d2_n16_G_persistent_s3.json 0 s (elapsed 5372 s)
[398/480] d2_n16_G_persistent_s4.json 0 s (elapsed 5372 s)
[399/480] d2_n16_G_persistent_s5.json 0 s (elapsed 5372 s)
[400/480] d2_n16_G_persistent_s7.json 0 s (elapsed 5372 s)
[401/480] d2_n16_G_persistent_s6.json 0 s (elapsed 5372 s)
[402/480] d1_n64_R_fresh_s9.json 0 s (elapsed 5372 s)
[403/480] d2_n16_G_persistent_s8.json 0 s (elapsed 5372 s)
[404/480] d2_n16_G_persistent_s9.json 0 s (elapsed 5372 s)
[405/480] d2_n16_G_persistent_s10.json 0 s (elapsed 5372 s)
[406/480] d1_n64_R_fresh_s10.json 0 s (elapsed 5372 s)
[407/480] d2_n16_G_persistent_s11.json 0 s (elapsed 5372 s)
[408/480] d2_n16_G_persistent_s12.json 0 s (elapsed 5372 s)
[409/480] d1_n64_R_fresh_s11.json 0 s (elapsed 5372 s)
[410/480] d2_n16_G_fresh_s3.json 0 s (elapsed 5372 s)
[411/480] d2_n16_G_fresh_s4.json 0 s (elapsed 5372 s)
[412/480] d1_n64_R_fresh_s12.json 0 s (elapsed 5373 s)
[413/480] d2_n16_G_fresh_s5.json 0 s (elapsed 5373 s)
[414/480] d2_n16_G_fresh_s6.json 0 s (elapsed 5373 s)
[415/480] d2_n16_G_fresh_s7.json 0 s (elapsed 5373 s)
[416/480] d2_n16_G_fresh_s9.json 0 s (elapsed 5373 s)
[417/480] d2_n16_G_fresh_s8.json 0 s (elapsed 5373 s)
[418/480] d2_n16_G_fresh_s10.json 0 s (elapsed 5373 s)
[419/480] d2_n16_G_fresh_s11.json 0 s (elapsed 5373 s)
[420/480] d2_n16_G_fresh_s12.json 0 s (elapsed 5373 s)
[421/480] d2_n16_R_persistent_s3.json 0 s (elapsed 5373 s)
[422/480] d2_n16_R_persistent_s4.json 0 s (elapsed 5373 s)
[423/480] d2_n16_R_persistent_s5.json 0 s (elapsed 5373 s)
[424/480] d2_n16_R_persistent_s6.json 0 s (elapsed 5373 s)
[425/480] d2_n16_R_persistent_s7.json 0 s (elapsed 5373 s)
[426/480] d2_n16_R_persistent_s8.json 0 s (elapsed 5373 s)
[427/480] d2_n16_R_persistent_s9.json 0 s (elapsed 5373 s)
[428/480] d2_n16_R_persistent_s10.json 0 s (elapsed 5373 s)
[429/480] d2_n16_R_persistent_s11.json 0 s (elapsed 5373 s)
[430/480] d2_n16_R_persistent_s12.json 0 s (elapsed 5373 s)
[431/480] d2_n16_R_fresh_s3.json 0 s (elapsed 5373 s)
[432/480] d2_n16_R_fresh_s4.json 0 s (elapsed 5373 s)
[433/480] d2_n16_R_fresh_s5.json 0 s (elapsed 5373 s)
[434/480] d2_n16_R_fresh_s6.json 0 s (elapsed 5373 s)
[435/480] d2_n16_R_fresh_s7.json 0 s (elapsed 5373 s)
[436/480] d2_n16_R_fresh_s8.json 0 s (elapsed 5373 s)
[437/480] d3_n8_G_persistent_s3.json 0 s (elapsed 5373 s)
[438/480] d2_n16_R_fresh_s9.json 0 s (elapsed 5373 s)
[439/480] d3_n8_G_persistent_s4.json 0 s (elapsed 5373 s)
[440/480] d3_n8_G_persistent_s5.json 0 s (elapsed 5373 s)
[441/480] d2_n16_R_fresh_s10.json 0 s (elapsed 5373 s)
[442/480] d3_n8_G_persistent_s6.json 0 s (elapsed 5373 s)
[443/480] d3_n8_G_persistent_s7.json 0 s (elapsed 5373 s)
[444/480] d2_n16_R_fresh_s11.json 0 s (elapsed 5373 s)
[445/480] d3_n8_G_persistent_s8.json 0 s (elapsed 5373 s)
[446/480] d3_n8_G_persistent_s9.json 0 s (elapsed 5373 s)
[447/480] d2_n16_R_fresh_s12.json 0 s (elapsed 5373 s)
[448/480] d3_n8_G_persistent_s10.json 0 s (elapsed 5373 s)
[449/480] d3_n8_G_persistent_s11.json 0 s (elapsed 5373 s)
[450/480] d3_n8_G_persistent_s12.json 0 s (elapsed 5373 s)
[451/480] d3_n8_G_fresh_s3.json 0 s (elapsed 5373 s)
[452/480] d3_n8_G_fresh_s4.json 0 s (elapsed 5373 s)
[453/480] d3_n8_G_fresh_s5.json 0 s (elapsed 5373 s)
[454/480] d3_n8_G_fresh_s6.json 0 s (elapsed 5373 s)
[455/480] d3_n8_G_fresh_s7.json 0 s (elapsed 5373 s)
[456/480] d3_n8_G_fresh_s8.json 0 s (elapsed 5373 s)
[457/480] d3_n8_G_fresh_s10.json 0 s (elapsed 5373 s)
[458/480] d3_n8_G_fresh_s9.json 0 s (elapsed 5373 s)
[459/480] d3_n8_G_fresh_s12.json 0 s (elapsed 5374 s)
[460/480] d3_n8_G_fresh_s11.json 0 s (elapsed 5374 s)
[461/480] d3_n8_R_persistent_s3.json 0 s (elapsed 5374 s)
[462/480] d3_n8_R_persistent_s4.json 0 s (elapsed 5374 s)
[463/480] d3_n8_R_persistent_s5.json 0 s (elapsed 5374 s)
[464/480] d3_n8_R_persistent_s6.json 0 s (elapsed 5374 s)
[465/480] d3_n8_R_persistent_s7.json 0 s (elapsed 5374 s)
[466/480] d3_n8_R_persistent_s8.json 0 s (elapsed 5374 s)
[467/480] d3_n8_R_persistent_s9.json 0 s (elapsed 5374 s)
[468/480] d3_n8_R_persistent_s10.json 0 s (elapsed 5374 s)
[469/480] d3_n8_R_persistent_s11.json 0 s (elapsed 5374 s)
[470/480] d3_n8_R_persistent_s12.json 0 s (elapsed 5374 s)
[471/480] d3_n8_R_fresh_s3.json 0 s (elapsed 5374 s)
[472/480] d3_n8_R_fresh_s4.json 0 s (elapsed 5374 s)
[473/480] d3_n8_R_fresh_s5.json 0 s (elapsed 5374 s)
[474/480] d3_n8_R_fresh_s6.json 0 s (elapsed 5374 s)
[475/480] d3_n8_R_fresh_s7.json 0 s (elapsed 5374 s)
[476/480] d3_n8_R_fresh_s8.json 0 s (elapsed 5374 s)
[477/480] d3_n8_R_fresh_s9.json 0 s (elapsed 5374 s)
[478/480] d3_n8_R_fresh_s10.json 0 s (elapsed 5374 s)
[479/480] d3_n8_R_fresh_s11.json 0 s (elapsed 5374 s)
[480/480] d3_n8_R_fresh_s12.json 0 s (elapsed 5374 s)
persistent G d=1: median W 0.03657, 0.1018, 0.2341, 0.5532 at n=(64, 128, 256, 512); beta 1.322 (seeds 1.156, 1.890, 1.333, 1.489, 1.311, 1.387, 1.182, 1.690, 1.012, 0.990); tilt ratio 1.703; within-slice tilt slope -0.080; redraws 0; max neighbour diff 0.045, max rate spread 1.1e-09 sigma, max W change 0.0000
persistent G d=2: median W 0.003204, 0.006805, 0.01636, 0.03022 at n=(16, 32, 64, 128); beta 1.057 (seeds 1.083, 1.049, 1.038, 0.997, 1.030, 1.145, 1.066, 1.095, 1.366, 0.886); tilt ratio 1.079; within-slice tilt slope -0.214; redraws 0; max neighbour diff 0.013, max rate spread 5.1e-10 sigma, max W change 0.0000
persistent G d=3: median W 0.00176, 0.002408, 0.002943, 0.003372 at n=(8, 16, 24, 32); beta 0.455 (seeds 0.568, 0.409, 0.324, 0.435, 0.451, 0.530, 0.361, 0.459, 0.464, 0.575); tilt ratio 0.484; within-slice tilt slope -0.565; redraws 0; max neighbour diff 0.009, max rate spread 8.0e-10 sigma, max W change 0.0000
persistent R d=1: median W 0.008916, 0.0337, 0.05204, 0.2737 at n=(64, 128, 256, 512); beta 1.709 (seeds 1.353, 1.997, 1.312, 2.059, 2.218, 1.712, 1.705, 2.365, 1.380, 0.817); tilt ratio 5.186; within-slice tilt slope 0.261; redraws 82; max neighbour diff 0.164, max rate spread 1.2e-08 sigma, max W change 0.0000
persistent R d=2: median W 0.004987, 0.008776, 0.01507, 0.03365 at n=(16, 32, 64, 128); beta 0.854 (seeds 1.181, 0.773, 0.697, 0.802, 0.900, 0.721, 1.023, 0.877, 1.035, 0.831); tilt ratio 0.734; within-slice tilt slope -0.139; redraws 16; max neighbour diff 0.054, max rate spread 6.9e-06 sigma, max W change 0.0009
persistent R d=3: median W 0.002217, 0.00352, 0.004459, 0.005024 at n=(8, 16, 24, 32); beta 0.566 (seeds 0.717, 0.708, 0.603, 0.661, 0.514, 0.550, 0.397, 0.463, 0.408, 0.582); tilt ratio 0.539; within-slice tilt slope -0.455; redraws 65; max neighbour diff 0.015, max rate spread 8.8e-06 sigma, max W change 0.0006
fresh      G d=1: median W 0.001645, 0.00238, 0.003305, 0.00449 at n=(64, 128, 256, 512); beta 0.495 (seeds 0.440, 0.353, 0.462, 0.580, 0.381, 0.487, 0.520, 0.589, 0.503, 0.506); tilt ratio 0.345; within-slice tilt slope -0.557; redraws 0
fresh      G d=2: median W 0.0007513, 0.0008203, 0.0008903, 0.0009538 at n=(16, 32, 64, 128); beta 0.108 (seeds 0.105, 0.108, 0.108, 0.113, 0.108, 0.120, 0.085, 0.139, 0.134, 0.106); tilt ratio 0.158; within-slice tilt slope -0.866; redraws 0
fresh      G d=3: median W 0.0006537, 0.0006645, 0.0006703, 0.0006736 at n=(8, 16, 24, 32); beta 0.022 (seeds 0.030, 0.020, 0.013, 0.011, 0.035, 0.030, 0.001, 0.036, 0.024, 0.020); tilt ratio 0.258; within-slice tilt slope -0.934; redraws 0
fresh      R d=1: median W 0.0008876, 0.001218, 0.001768, 0.002718 at n=(64, 128, 256, 512); beta 0.570 (seeds 0.556, 0.585, 0.756, 0.514, 0.593, 0.617, 0.535, 0.603, 0.462, 0.408); tilt ratio 0.408; within-slice tilt slope -0.545; redraws 82
fresh      R d=2: median W 0.0007322, 0.0008064, 0.0008894, 0.0009605 at n=(16, 32, 64, 128); beta 0.130 (seeds 0.154, 0.125, 0.110, 0.142, 0.139, 0.135, 0.112, 0.158, 0.069, 0.117); tilt ratio 0.165; within-slice tilt slope -0.848; redraws 16
fresh      R d=3: median W 0.0006617, 0.0006883, 0.0006977, 0.0007018 at n=(8, 16, 24, 32); beta 0.045 (seeds 0.026, 0.047, 0.030, 0.054, 0.047, 0.045, 0.017, 0.055, 0.033, 0.045); tilt ratio 0.265; within-slice tilt slope -0.913; redraws 65
E1 structure and regime: NOT AS EXPECTED
E2 grids persistent exponents: NOT AS EXPECTED
E3 random slices persistent exponents: NOT AS EXPECTED
E4 persistent tilt ratios: NOT AS EXPECTED
E5 fresh-each-tick control: AS EXPECTED
E1 notes: random degree 11.25 (1, 64, 'R', True, 6); random degree 11.25 (1, 64, 'R', False, 6)
random-slice seed duplicates at the same (d, n): {'(1, 512, 1122)': [11, 12], '(1, 512, 1055)': [3, 4, 5], '(3, 32, 1066)': [5, 6], '(3, 32, 1080)': [7, 8]}
exponents separate: G False, R False
EXIT: E1 failed: code bug or regime problem; fix and rerun (recorded).
total wall time this session 5377 s
