[1/45] F_N1000_s0.json (elapsed 2 s)
[2/45] F_N1000_s1.json (elapsed 2 s)
[3/45] F_N1000_s2.json (elapsed 2 s)
[4/45] F_N8000_s1.json (elapsed 2 s)
[5/45] F_N8000_s2.json (elapsed 2 s)
[6/45] F_N8000_s0.json (elapsed 2 s)
[7/45] FR_N1000_s0.json (elapsed 2 s)
[8/45] FR_N1000_s1.json (elapsed 2 s)
[9/45] FR_N1000_s2.json (elapsed 2 s)
[10/45] FR_N8000_s0.json (elapsed 3 s)
[11/45] FR_N8000_s2.json (elapsed 3 s)
[12/45] FR_N8000_s1.json (elapsed 3 s)
[13/45] F_N27000_s2.json (elapsed 4 s)
[14/45] B_N1024_s0.json (elapsed 4 s)
[15/45] F_N27000_s1.json (elapsed 4 s)
[16/45] B_N1024_s1.json (elapsed 4 s)
[17/45] B_N1024_s2.json (elapsed 4 s)
[18/45] F_N27000_s0.json (elapsed 4 s)
[19/45] B_N8192_s0.json (elapsed 5 s)
[20/45] B_N8192_s1.json (elapsed 5 s)
[21/45] B_N8192_s2.json (elapsed 5 s)
[22/45] B_N27648_s1.json (elapsed 6 s)
[23/45] H_N1000_s0.json (elapsed 6 s)
[24/45] B_N27648_s0.json (elapsed 6 s)
[25/45] B_N27648_s2.json (elapsed 6 s)
[26/45] H_N1000_s1.json (elapsed 6 s)
[27/45] H_N1000_s2.json (elapsed 6 s)
[28/45] H_N8000_s0.json (elapsed 7 s)
[29/45] H_N8000_s1.json (elapsed 7 s)
[30/45] H_N8000_s2.json (elapsed 7 s)
[31/45] FR_N27000_s2.json (elapsed 10 s)
[32/45] FR_N27000_s0.json (elapsed 10 s)
[33/45] FR_N27000_s1.json (elapsed 10 s)
[34/45] Cr_N1000_s0.json (elapsed 10 s)
[35/45] Cr_N1000_s2.json (elapsed 10 s)
[36/45] Cr_N1000_s1.json (elapsed 10 s)
[37/45] H_N27000_s0.json (elapsed 11 s)
[38/45] H_N27000_s2.json (elapsed 11 s)
[39/45] H_N27000_s1.json (elapsed 11 s)
[40/45] Cr_N8000_s2.json (elapsed 19 s)
[41/45] Cr_N8000_s0.json (elapsed 19 s)
[42/45] Cr_N8000_s1.json (elapsed 19 s)
[43/45] Cr_N27000_s0.json (elapsed 46 s)
[44/45] Cr_N27000_s1.json (elapsed 47 s)
[45/45] Cr_N27000_s2.json (elapsed 47 s)
F: pooled largest link difference 5.900, 6.812, 7.882 at N=(1000, 8000, 27000) -> neck tilt ratio 1.34; pooled wobble 2.028, 2.684, 3.663 (exponent in N 0.175); mean degree 6.00, 6.00, 6.00 -> ratio 1.00; max degree at largest 6; exponential-growth flag at largest [False, False, False] -> False; d_H at largest [2.8013029736075663, 2.8013029736075663, 2.8013029736075663]
FR: pooled largest link difference 6.395, 7.980, 8.926 at N=(1000, 8000, 27000) -> neck tilt ratio 1.40; pooled wobble 1.844, 2.715, 3.052 (exponent in N 0.156); mean degree 14.14, 13.93, 13.99 -> ratio 0.99; max degree at largest 32; exponential-growth flag at largest [False, False, False] -> False; d_H at largest [2.9427975948807665, 2.9470457779834485, 2.943574845386537]
B: pooled largest link difference 116.096, 383.313, 481.019 at N=(1024, 8192, 27648) -> neck tilt ratio 4.14; pooled wobble 277.714, 3609.231, 3443.914 (exponent in N 0.814); mean degree 4.53, 4.53, 4.53 -> ratio 1.00; max degree at largest 8; exponential-growth flag at largest [False, False, False] -> False; d_H at largest [1.8938563886637598, 1.798859975806147, 1.7306702761502373]; largest difference on a neck link (seeds of 3) [3, 3, 3]
H: pooled largest link difference 5.647, 6.384, 7.033 at N=(1000, 8000, 27000) -> neck tilt ratio 1.25; pooled wobble 1.469, 1.418, 1.430 (exponent in N -0.009); mean degree 6.00, 6.00, 6.00 -> ratio 1.00; max degree at largest 6; exponential-growth flag at largest [True, True, True] -> True; d_H at largest [4.595663450892776, 4.595566661671888, 4.5970408204383775]
Cr: pooled largest link difference 5.925, 6.647, 6.780 at N=(1000, 8000, 27000) -> neck tilt ratio 1.14; pooled wobble 1.068, 1.015, 1.007 (exponent in N -0.019); mean degree 31.62, 89.44, 164.32 -> ratio 5.20; max degree at largest 222; exponential-growth flag at largest [True, True, True] -> True; d_H at largest [nan, nan, nan]
E1 construction: AS EXPECTED
E2 sync: AS EXPECTED
E3 commitment: AS EXPECTED
E4 curvature proxy: AS EXPECTED
extra flags on other bad shapes (allowed): curvature also flags crumpled
EXIT: PASS: Each bad 3D shape is flagged by one existing ED meaning, and a flat 3D slice by none: consistent, not derived. Then spec 3D growth (C3c).
total wall time 47 s
