cal cal_FC_n24_r2.json 7 s
cal cal_FC_n24_r1.json 7 s
cal cal_FC_n24_r0.json 7 s
cal cal_FC_n24_r3.json 5 s
cal cal_FC_n24_r4.json 4 s
cal cal_RC_n24_r0.json 12 s
cal cal_RC_n24_r2.json 13 s
cal cal_RC_n24_r1.json 13 s
cal cal_RC_n24_r3.json 14 s
cal cal_RC_n24_r4.json 14 s
cal cal_FC_n32_r0.json 26 s
cal cal_FC_n32_r1.json 20 s
cal cal_FC_n32_r2.json 21 s
cal cal_FC_n32_r3.json 26 s
cal cal_FC_n32_r4.json 26 s
cal cal_RC_n32_r0.json 46 s
cal cal_RC_n32_r1.json 44 s
cal cal_RC_n32_r2.json 44 s
cal cal_RC_n32_r3.json 40 s
cal cal_RC_n32_r4.json 43 s
cal cal_FC_n52_r0.json 207 s
cal cal_FC_n52_r1.json 200 s
cal cal_FC_n52_r2.json 200 s
cal cal_FC_n52_r3.json 173 s
cal cal_FC_n52_r4.json 171 s
cal cal_RC_n52_r0.json 278 s
cal cal_RC_n52_r1.json 275 s
cal cal_RC_n52_r2.json 274 s
cal cal_RC_n52_r3.json 255 s
cal cal_RC_n52_r4.json 222 s
E4-0a gate: PASS
  n=24  FC d_s 3.050-3.050 (spread 0.000) d_H 2.657-2.657 radii>=4.0 | RC d_s undefined d_H undefined | E4-0a PASS | E4-0b separates on: NOTHING (limitation carried, C28/C29)
  n=32  FC d_s 3.024-3.024 (spread 0.000) d_H 2.740-2.740 radii>=5.0 | RC d_s 3.604-3.649 d_H 3.245-3.257 | E4-0a PASS | E4-0b separates on: d_H, d_s
  n=52  FC d_s 3.007-3.007 (spread 0.000) d_H 2.850-2.850 radii>=8.0 | RC d_s 3.072-3.082 d_H 3.286-3.295 | E4-0a PASS | E4-0b separates on: d_H, d_s
