n=24: strain median 7.3232 -> s_max 3.2954, 3 runs on 3 workers
  grow_n24_s1.json 594 s (elapsed 0.17 h)
  grow_n24_s0.json 624 s (elapsed 0.17 h)
  grow_n24_s2.json 626 s (elapsed 0.17 h)
n=32: strain median 7.8041 -> s_max 3.5118, 5 runs on 4 workers
  grow_n32_s1.json 1639 s (elapsed 0.63 h)
  grow_n32_s0.json 1642 s (elapsed 0.63 h)
  grow_n32_s2.json 1643 s (elapsed 0.63 h)
  grow_n32_s0_ctrl.json 1728 s (elapsed 0.66 h)
  grow_n32_s1_ctrl.json 1159 s (elapsed 0.95 h)
n=52: strain median 7.9220 -> s_max 3.5649, 5 runs on 2 workers
multiprocessing.pool.RemoteTraceback: 
"""
Traceback (most recent call last):
  File "C:\Users\allen\AppData\Local\Programs\Python\Python312\Lib\multiprocessing\pool.py", line 125, in worker
    result = (True, func(*args, **kwds))
                    ^^^^^^^^^^^^^^^^^^^
  File "C:\Users\allen\Desktop\ED_Restart\ED_Attempt_08\model\e4_run.py", line 149, in do_job
    res["spacetime"] = spacetime_readings(snaps, 4000 + s)
                       ^^^^^^^^^^^^^^^^^^^^^^^^^^^^^^^^^^^
  File "C:\Users\allen\Desktop\ED_Restart\ED_Attempt_08\model\p3_readings.py", line 86, in spacetime_readings
    r = ball_readings(A, seed)
        ^^^^^^^^^^^^^^^^^^^^^^
  File "C:\Users\allen\Desktop\ED_Restart\ED_Attempt_08\model\c3b.py", line 193, in readings
    r = mass_and_cut(A, bfs_distances(A, centres))
                        ^^^^^^^^^^^^^^^^^^^^^^^^^
  File "C:\Users\allen\Desktop\ED_Restart\ED_Attempt_08\model\readings.py", line 32, in bfs_distances
    return shortest_path(A, method="D", unweighted=True, indices=centres).astype(np.int64)
           ^^^^^^^^^^^^^^^^^^^^^^^^^^^^^^^^^^^^^^^^^^^^^^^^^^^^^^^^^^^^^^^^^^^^^^^^^^^^^^^
numpy._core._exceptions._ArrayMemoryError: Unable to allocate 4.85 GiB for an array with shape (200, 3258054) and data type int64
"""

The above exception was the direct cause of the following exception:

Traceback (most recent call last):
  File "C:\Users\allen\Desktop\ED_Restart\ED_Attempt_08\model\e4_run.py", line 257, in <module>
    sys.exit(main(sys.argv[1] if len(sys.argv) > 1 else "all"))
             ^^^^^^^^^^^^^^^^^^^^^^^^^^^^^^^^^^^^^^^^^^^^^^^^^
  File "C:\Users\allen\Desktop\ED_Restart\ED_Attempt_08\model\e4_run.py", line 249, in main
    for path, sec in pool.imap_unordered(do_job, jobs):
                     ^^^^^^^^^^^^^^^^^^^^^^^^^^^^^^^^^
  File "C:\Users\allen\AppData\Local\Programs\Python\Python312\Lib\multiprocessing\pool.py", line 873, in next
    raise value
numpy._core._exceptions._ArrayMemoryError: Unable to allocate 4.85 GiB for an array with shape (200, 3258054) and data type int64
