sync threshold 9.985
[1/8] grow_B_s2.json 908 s (elapsed 0.25 h)
[2/8] grow_B_s1.json 928 s (elapsed 0.26 h)
[3/8] grow_B_s0.json 933 s (elapsed 0.26 h)
[4/8] grow_B_s3.json 957 s (elapsed 0.52 h)
[5/8] grow_B_s5.json 950 s (elapsed 0.52 h)
[6/8] grow_B_s4.json 955 s (elapsed 0.52 h)
[7/8] grow_B_s6.json 826 s (elapsed 0.75 h)
[8/8] grow_B_s7.json 827 s (elapsed 0.75 h)
setting A: 8 seeds, statuses ['survived']
  T1 structure/budgets/ceiling/flips: clean
  links_per_event        port 5.141 - 5.167 (mean 5.156, n=8) | A7 5.150 | INSIDE
  diameter               port 12.000 - 22.000 (mean 14.250, n=8) | A7 12.500 | INSIDE
  spacetime_d_H          port 6.158 - 6.567 (mean 6.382, n=8) | A7 6.440 | INSIDE
  refused_sync_per_tick  port 0.000 - 0.000 (mean 0.000, n=8) | A7 0.000 | INSIDE
setting B: 8 seeds, statuses ['survived']
  T1 structure/budgets/ceiling/flips: clean
  links_per_event        port 5.097 - 5.144 (mean 5.114, n=8) | A7 5.120 | INSIDE
  diameter               port 14.000 - 22.000 (mean 15.875, n=8) | A7 15.000 | INSIDE
  spacetime_d_H          port 5.978 - 6.607 (mean 6.304, n=8) | A7 6.330 | INSIDE
  refused_sync_per_tick  port 998.013 - 1671.793 (mean 1402.092, n=8) | A7 1403.000 | INSIDE
